../HARDWAVE/MPU6050/Src/mpu6050iic.c:10:6:MPU_IIC_Init	24	static
../HARDWAVE/MPU6050/Src/mpu6050iic.c:23:6:MPU_SDA_OUT	24	static
../HARDWAVE/MPU6050/Src/mpu6050iic.c:33:6:MPU_SDA_IN	24	static
../HARDWAVE/MPU6050/Src/mpu6050iic.c:44:6:MPU_IIC_Start	8	static
../HARDWAVE/MPU6050/Src/mpu6050iic.c:55:6:MPU_IIC_Stop	8	static
../HARDWAVE/MPU6050/Src/mpu6050iic.c:68:9:MPU_IIC_Wait_Ack	16	static
../HARDWAVE/MPU6050/Src/mpu6050iic.c:87:6:MPU_IIC_Ack	8	static
../HARDWAVE/MPU6050/Src/mpu6050iic.c:98:6:MPU_IIC_NAck	8	static
../HARDWAVE/MPU6050/Src/mpu6050iic.c:112:6:MPU_IIC_Send_Byte	24	static
../HARDWAVE/MPU6050/Src/mpu6050iic.c:128:9:MPU_IIC_Read_Byte	24	static
