Archive member included to satisfy reference by file (symbol)

C:/ST/STM32CubeIDE_1.14.0/STM32CubeIDE/plugins/com.st.stm32cube.ide.mcu.externaltools.gnu-tools-for-stm32.11.3.rel1.win32_1.1.100.202309141235/tools/bin/../lib/gcc/arm-none-eabi/11.3.1/../../../../arm-none-eabi/lib/thumb/v7-m/nofp\libc_nano.a(libc_a-exit.o)
                              C:/ST/STM32CubeIDE_1.14.0/STM32CubeIDE/plugins/com.st.stm32cube.ide.mcu.externaltools.gnu-tools-for-stm32.11.3.rel1.win32_1.1.100.202309141235/tools/bin/../lib/gcc/arm-none-eabi/11.3.1/../../../../arm-none-eabi/lib/thumb/v7-m/nofp/crt0.o (exit)
C:/ST/STM32CubeIDE_1.14.0/STM32CubeIDE/plugins/com.st.stm32cube.ide.mcu.externaltools.gnu-tools-for-stm32.11.3.rel1.win32_1.1.100.202309141235/tools/bin/../lib/gcc/arm-none-eabi/11.3.1/../../../../arm-none-eabi/lib/thumb/v7-m/nofp\libc_nano.a(libc_a-nano-vfprintf_float.o)
                              (_printf_float)
C:/ST/STM32CubeIDE_1.14.0/STM32CubeIDE/plugins/com.st.stm32cube.ide.mcu.externaltools.gnu-tools-for-stm32.11.3.rel1.win32_1.1.100.202309141235/tools/bin/../lib/gcc/arm-none-eabi/11.3.1/../../../../arm-none-eabi/lib/thumb/v7-m/nofp\libc_nano.a(libc_a-nano-vfprintf_i.o)
                              C:/ST/STM32CubeIDE_1.14.0/STM32CubeIDE/plugins/com.st.stm32cube.ide.mcu.externaltools.gnu-tools-for-stm32.11.3.rel1.win32_1.1.100.202309141235/tools/bin/../lib/gcc/arm-none-eabi/11.3.1/../../../../arm-none-eabi/lib/thumb/v7-m/nofp\libc_nano.a(libc_a-nano-vfprintf_float.o) (_printf_common)
C:/ST/STM32CubeIDE_1.14.0/STM32CubeIDE/plugins/com.st.stm32cube.ide.mcu.externaltools.gnu-tools-for-stm32.11.3.rel1.win32_1.1.100.202309141235/tools/bin/../lib/gcc/arm-none-eabi/11.3.1/../../../../arm-none-eabi/lib/thumb/v7-m/nofp\libc_nano.a(libc_a-findfp.o)
                              C:/ST/STM32CubeIDE_1.14.0/STM32CubeIDE/plugins/com.st.stm32cube.ide.mcu.externaltools.gnu-tools-for-stm32.11.3.rel1.win32_1.1.100.202309141235/tools/bin/../lib/gcc/arm-none-eabi/11.3.1/../../../../arm-none-eabi/lib/thumb/v7-m/nofp\libc_nano.a(libc_a-exit.o) (__stdio_exit_handler)
C:/ST/STM32CubeIDE_1.14.0/STM32CubeIDE/plugins/com.st.stm32cube.ide.mcu.externaltools.gnu-tools-for-stm32.11.3.rel1.win32_1.1.100.202309141235/tools/bin/../lib/gcc/arm-none-eabi/11.3.1/../../../../arm-none-eabi/lib/thumb/v7-m/nofp\libc_nano.a(libc_a-fwalk.o)
                              C:/ST/STM32CubeIDE_1.14.0/STM32CubeIDE/plugins/com.st.stm32cube.ide.mcu.externaltools.gnu-tools-for-stm32.11.3.rel1.win32_1.1.100.202309141235/tools/bin/../lib/gcc/arm-none-eabi/11.3.1/../../../../arm-none-eabi/lib/thumb/v7-m/nofp\libc_nano.a(libc_a-findfp.o) (_fwalk_sglue)
C:/ST/STM32CubeIDE_1.14.0/STM32CubeIDE/plugins/com.st.stm32cube.ide.mcu.externaltools.gnu-tools-for-stm32.11.3.rel1.win32_1.1.100.202309141235/tools/bin/../lib/gcc/arm-none-eabi/11.3.1/../../../../arm-none-eabi/lib/thumb/v7-m/nofp\libc_nano.a(libc_a-printf.o)
                              ./HARDWAVE/MPU6050/eMPL/inv_mpu.o (printf)
C:/ST/STM32CubeIDE_1.14.0/STM32CubeIDE/plugins/com.st.stm32cube.ide.mcu.externaltools.gnu-tools-for-stm32.11.3.rel1.win32_1.1.100.202309141235/tools/bin/../lib/gcc/arm-none-eabi/11.3.1/../../../../arm-none-eabi/lib/thumb/v7-m/nofp\libc_nano.a(libc_a-puts.o)
                              ./Core/Src/main.o (puts)
C:/ST/STM32CubeIDE_1.14.0/STM32CubeIDE/plugins/com.st.stm32cube.ide.mcu.externaltools.gnu-tools-for-stm32.11.3.rel1.win32_1.1.100.202309141235/tools/bin/../lib/gcc/arm-none-eabi/11.3.1/../../../../arm-none-eabi/lib/thumb/v7-m/nofp\libc_nano.a(libc_a-sprintf.o)
                              ./Core/Src/main.o (sprintf)
C:/ST/STM32CubeIDE_1.14.0/STM32CubeIDE/plugins/com.st.stm32cube.ide.mcu.externaltools.gnu-tools-for-stm32.11.3.rel1.win32_1.1.100.202309141235/tools/bin/../lib/gcc/arm-none-eabi/11.3.1/../../../../arm-none-eabi/lib/thumb/v7-m/nofp\libc_nano.a(libc_a-stdio.o)
                              C:/ST/STM32CubeIDE_1.14.0/STM32CubeIDE/plugins/com.st.stm32cube.ide.mcu.externaltools.gnu-tools-for-stm32.11.3.rel1.win32_1.1.100.202309141235/tools/bin/../lib/gcc/arm-none-eabi/11.3.1/../../../../arm-none-eabi/lib/thumb/v7-m/nofp\libc_nano.a(libc_a-findfp.o) (__sread)
C:/ST/STM32CubeIDE_1.14.0/STM32CubeIDE/plugins/com.st.stm32cube.ide.mcu.externaltools.gnu-tools-for-stm32.11.3.rel1.win32_1.1.100.202309141235/tools/bin/../lib/gcc/arm-none-eabi/11.3.1/../../../../arm-none-eabi/lib/thumb/v7-m/nofp\libc_nano.a(libc_a-wbuf.o)
                              C:/ST/STM32CubeIDE_1.14.0/STM32CubeIDE/plugins/com.st.stm32cube.ide.mcu.externaltools.gnu-tools-for-stm32.11.3.rel1.win32_1.1.100.202309141235/tools/bin/../lib/gcc/arm-none-eabi/11.3.1/../../../../arm-none-eabi/lib/thumb/v7-m/nofp\libc_nano.a(libc_a-puts.o) (__swbuf_r)
C:/ST/STM32CubeIDE_1.14.0/STM32CubeIDE/plugins/com.st.stm32cube.ide.mcu.externaltools.gnu-tools-for-stm32.11.3.rel1.win32_1.1.100.202309141235/tools/bin/../lib/gcc/arm-none-eabi/11.3.1/../../../../arm-none-eabi/lib/thumb/v7-m/nofp\libc_nano.a(libc_a-wsetup.o)
[...]
Memory Configuration

Name             Origin             Length             Attributes
RAM              0x0000000020000000 0x0000000000005000 xrw
FLASH            0x0000000008000000 0x0000000000010000 xr
*default*        0x0000000000000000 0xffffffffffffffff

Linker script and memory map

LOAD C:/ST/STM32CubeIDE_1.14.0/STM32CubeIDE/plugins/com.st.stm32cube.ide.mcu.externaltools.gnu-tools-for-stm32.11.3.rel1.win32_1.1.100.202309141235/tools/bin/../lib/gcc/arm-none-eabi/11.3.1/thumb/v7-m/nofp/crti.o
LOAD C:/ST/STM32CubeIDE_1.14.0/STM32CubeIDE/plugins/com.st.stm32cube.ide.mcu.externaltools.gnu-tools-for-stm32.11.3.rel1.win32_1.1.100.202309141235/tools/bin/../lib/gcc/arm-none-eabi/11.3.1/thumb/v7-m/nofp/crtbegin.o
LOAD C:/ST/STM32CubeIDE_1.14.0/STM32CubeIDE/plugins/com.st.stm32cube.ide.mcu.externaltools.gnu-tools-for-stm32.11.3.rel1.win32_1.1.100.202309141235/tools/bin/../lib/gcc/arm-none-eabi/11.3.1/../../../../arm-none-eabi/lib/thumb/v7-m/nofp/crt0.o
LOAD ./Core/Src/adc.o
LOAD ./Core/Src/gpio.o
LOAD ./Core/Src/main.o
LOAD ./Core/Src/rtc.o
LOAD ./Core/Src/stm32f1xx_hal_msp.o
LOAD ./Core/Src/stm32f1xx_it.o
LOAD ./Core/Src/syscalls.o
LOAD ./Core/Src/sysmem.o
LOAD ./Core/Src/system_stm32f1xx.o
LOAD ./Core/Src/usart.o
LOAD ./Core/Startup/startup_stm32f103c8tx.o
LOAD ./Drivers/STM32F1xx_HAL_Driver/Src/stm32f1xx_hal.o
LOAD ./Drivers/STM32F1xx_HAL_Driver/Src/stm32f1xx_hal_adc.o
LOAD ./Drivers/STM32F1xx_HAL_Driver/Src/stm32f1xx_hal_adc_ex.o
LOAD ./Drivers/STM32F1xx_HAL_Driver/Src/stm32f1xx_hal_cortex.o
LOAD ./Drivers/STM32F1xx_HAL_Driver/Src/stm32f1xx_hal_dma.o
LOAD ./Drivers/STM32F1xx_HAL_Driver/Src/stm32f1xx_hal_exti.o
LOAD ./Drivers/STM32F1xx_HAL_Driver/Src/stm32f1xx_hal_flash.o
LOAD ./Drivers/STM32F1xx_HAL_Driver/Src/stm32f1xx_hal_flash_ex.o
LOAD ./Drivers/STM32F1xx_HAL_Driver/Src/stm32f1xx_hal_gpio.o
LOAD ./Drivers/STM32F1xx_HAL_Driver/Src/stm32f1xx_hal_gpio_ex.o
LOAD ./Drivers/STM32F1xx_HAL_Driver/Src/stm32f1xx_hal_pwr.o
LOAD ./Drivers/STM32F1xx_HAL_Driver/Src/stm32f1xx_hal_rcc.o
LOAD ./Drivers/STM32F1xx_HAL_Driver/Src/stm32f1xx_hal_rcc_ex.o
LOAD ./Drivers/STM32F1xx_HAL_Driver/Src/stm32f1xx_hal_rtc.o
LOAD ./Drivers/STM32F1xx_HAL_Driver/Src/stm32f1xx_hal_rtc_ex.o
LOAD ./Drivers/STM32F1xx_HAL_Driver/Src/stm32f1xx_hal_tim.o
LOAD ./Drivers/STM32F1xx_HAL_Driver/Src/stm32f1xx_hal_tim_ex.o
LOAD ./Drivers/STM32F1xx_HAL_Driver/Src/stm32f1xx_hal_uart.o
LOAD ./HARDWAVE/LCD12864/LCD12864.o
LOAD ./HARDWAVE/MPU6050/Src/mpu6050.o
LOAD ./HARDWAVE/MPU6050/Src/mpu6050iic.o
LOAD ./HARDWAVE/MPU6050/eMPL/inv_mpu.o
LOAD ./HARDWAVE/MPU6050/eMPL/inv_mpu_dmp_motion_driver.o
START GROUP
LOAD C:/ST/STM32CubeIDE_1.14.0/STM32CubeIDE/plugins/com.st.stm32cube.ide.mcu.externaltools.gnu-tools-for-stm32.11.3.rel1.win32_1.1.100.202309141235/tools/bin/../lib/gcc/arm-none-eabi/11.3.1/../../../../arm-none-eabi/lib/thumb/v7-m/nofp\libc_nano.a
LOAD C:/ST/STM32CubeIDE_1.14.0/STM32CubeIDE/plugins/com.st.stm32cube.ide.mcu.externaltools.gnu-tools-for-stm32.11.3.rel1.win32_1.1.100.202309141235/tools/bin/../lib/gcc/arm-none-eabi/11.3.1/../../../../arm-none-eabi/lib/thumb/v7-m/nofp\libm.a
END GROUP
START GROUP
LOAD C:/ST/STM32CubeIDE_1.14.0/STM32CubeIDE/plugins/com.st.stm32cube.ide.mcu.externaltools.gnu-tools-for-stm32.11.3.rel1.win32_1.1.100.202309141235/tools/bin/../lib/gcc/arm-none-eabi/11.3.1/thumb/v7-m/nofp\libgcc.a
LOAD C:/ST/STM32CubeIDE_1.14.0/STM32CubeIDE/plugins/com.st.stm32cube.ide.mcu.externaltools.gnu-tools-for-stm32.11.3.rel1.win32_1.1.100.202309141235/tools/bin/../lib/gcc/arm-none-eabi/11.3.1/../../../../arm-none-eabi/lib/thumb/v7-m/nofp\libc_nano.a
END GROUP
START GROUP
LOAD C:/ST/STM32CubeIDE_1.14.0/STM32CubeIDE/plugins/com.st.stm32cube.ide.mcu.externaltools.gnu-tools-for-stm32.11.3.rel1.win32_1.1.100.202309141235/tools/bin/../lib/gcc/arm-none-eabi/11.3.1/thumb/v7-m/nofp\libgcc.a
LOAD C:/ST/STM32CubeIDE_1.14.0/STM32CubeIDE/plugins/com.st.stm32cube.ide.mcu.externaltools.gnu-tools-for-stm32.11.3.rel1.win32_1.1.100.202309141235/tools/bin/../lib/gcc/arm-none-eabi/11.3.1/../../../../arm-none-eabi/lib/thumb/v7-m/nofp\libc_nano.a
LOAD C:/ST/STM32CubeIDE_1.14.0/STM32CubeIDE/plugins/com.st.stm32cube.ide.mcu.externaltools.gnu-tools-for-stm32.11.3.rel1.win32_1.1.100.202309141235/tools/bin/../lib/gcc/arm-none-eabi/11.3.1/../../../../arm-none-eabi/lib/thumb/v7-m/nofp\libnosys.a
END GROUP
START GROUP
LOAD C:/ST/STM32CubeIDE_1.14.0/STM32CubeIDE/plugins/com.st.stm32cube.ide.mcu.externaltools.gnu-tools-for-stm32.11.3.rel1.win32_1.1.100.202309141235/tools/bin/../lib/gcc/arm-none-eabi/11.3.1/thumb/v7-m/nofp\libgcc.a
LOAD C:/ST/STM32CubeIDE_1.14.0/STM32CubeIDE/plugins/com.st.stm32cube.ide.mcu.externaltools.gnu-tools-for-stm32.11.3.rel1.win32_1.1.100.202309141235/tools/bin/../lib/gcc/arm-none-eabi/11.3.1/../../../../arm-none-eabi/lib/thumb/v7-m/nofp\libc_nano.a
LOAD C:/ST/STM32CubeIDE_1.14.0/STM32CubeIDE/plugins/com.st.stm32cube.ide.mcu.externaltools.gnu-tools-for-stm32.11.3.rel1.win32_1.1.100.202309141235/tools/bin/../lib/gcc/arm-none-eabi/11.3.1/../../../../arm-none-eabi/lib/thumb/v7-m/nofp\libnosys.a
END GROUP
LOAD C:/ST/STM32CubeIDE_1.14.0/STM32CubeIDE/plugins/com.st.stm32cube.ide.mcu.externaltools.gnu-tools-for-stm32.11.3.rel1.win32_1.1.100.202309141235/tools/bin/../lib/gcc/arm-none-eabi/11.3.1/thumb/v7-m/nofp/crtend.o
LOAD C:/ST/STM32CubeIDE_1.14.0/STM32CubeIDE/plugins/com.st.stm32cube.ide.mcu.externaltools.gnu-tools-for-stm32.11.3.rel1.win32_1.1.100.202309141235/tools/bin/../lib/gcc/arm-none-eabi/11.3.1/thumb/v7-m/nofp/crtn.o
                0x0000000020005000                _estack = (ORIGIN (RAM) + LENGTH (RAM))
                0x0000000000000200                _Min_Heap_Size = 0x200
                0x0000000000000400                _Min_Stack_Size = 0x400

.isr_vector     0x0000000008000000      0x10c
                0x0000000008000000                . = ALIGN (0x4)
 *(.isr_vector)
 .isr_vector    0x0000000008000000      0x10c ./Core/Startup/startup_stm32f103c8tx.o
                0x0000000008000000                g_pfnVectors
                0x000000000800010c                . = ALIGN (0x4)

.text           0x0000000008000110     0xc6dc
                0x0000000008000110                . = ALIGN (0x4)
 *(.text)
 .text          0x0000000008000110       0x40 C:/ST/STM32CubeIDE_1.14.0/STM32CubeIDE/plugins/com.st.stm32cube.ide.mcu.externaltools.gnu-tools-for-stm32.11.3.rel1.win32_1.1.100.202309141235/tools/bin/../lib/gcc/arm-none-eabi/11.3.1/thumb/v7-m/nofp/crtbegin.o
 .text          0x0000000008000150       0x10 C:/ST/STM32CubeIDE_1.14.0/STM32CubeIDE/plugins/com.st.stm32cube.ide.mcu.externaltools.gnu-tools-for-stm32.11.3.rel1.win32_1.1.100.202309141235/tools/bin/../lib/gcc/arm-none-eabi/11.3.1/../../../../arm-none-eabi/lib/thumb/v7-m/nofp\libc_nano.a(libc_a-strlen.o)
                0x0000000008000150                strlen
 .text          0x0000000008000160      0x378 C:/ST/STM32CubeIDE_1.14.0/STM32CubeIDE/plugins/com.st.stm32cube.ide.mcu.externaltools.gnu-tools-for-stm32.11.3.rel1.win32_1.1.100.202309141235/tools/bin/../lib/gcc/arm-none-eabi/11.3.1/thumb/v7-m/nofp\libgcc.a(_arm_addsubdf3.o)
                0x0000000008000160                __aeabi_drsub
                0x0000000008000168                __aeabi_dsub
                0x0000000008000168                __subdf3
                0x000000000800016c                __aeabi_dadd
                0x000000000800016c                __adddf3
                0x00000000080003e4                __floatunsidf
                0x00000000080003e4                __aeabi_ui2d
                0x0000000008000404                __floatsidf
                0x0000000008000404                __aeabi_i2d
                0x0000000008000428                __aeabi_f2d
                0x0000000008000428                __extendsfdf2
                0x000000000800046c                __floatundidf
                0x000000000800046c                __aeabi_ul2d
                0x000000000800047c                __floatdidf
                0x000000000800047c                __aeabi_l2d
 .text          0x00000000080004d8      0x424 C:/ST/STM32CubeIDE_1.14.0/STM32CubeIDE/plugins/com.st.stm32cube.ide.mcu.externaltools.gnu-tools-for-stm32.11.3.rel1.win32_1.1.100.202309141235/tools/bin/../lib/gcc/arm-none-eabi/11.3.1/thumb/v7-m/nofp\libgcc.a(_arm_muldivdf3.o)
                0x00000000080004d8                __aeabi_dmul
                0x00000000080004d8                __muldf3
                0x000000000800072c                __divdf3
                0x000000000800072c                __aeabi_ddiv
 .text          0x00000000080008fc      0x110 C:/ST/STM32CubeIDE_1.14.0/STM32CubeIDE/plugins/com.st.stm32cube.ide.mcu.externaltools.gnu-tools-for-stm32.11.3.rel1.win32_1.1.100.202309141235/tools/bin/../lib/gcc/arm-none-eabi/11.3.1/thumb/v7-m/nofp\libgcc.a(_arm_cmpdf2.o)
                0x00000000080008fc                __gtdf2
                0x00000000080008fc                __gedf2
                0x0000000008000904                __ltdf2
                0x0000000008000904                __ledf2
                0x000000000800090c                __nedf2
                0x000000000800090c                __eqdf2
                0x000000000800090c                __cmpdf2
                0x0000000008000988                __aeabi_cdrcmple
                0x0000000008000998                __aeabi_cdcmpeq
                0x0000000008000998                __aeabi_cdcmple
                0x00000000080009a8                __aeabi_dcmpeq
                0x00000000080009bc                __aeabi_dcmplt
                0x00000000080009d0                __aeabi_dcmple
                0x00000000080009e4                __aeabi_dcmpge
                0x00000000080009f8                __aeabi_dcmpgt
 .text          0x0000000008000a0c       0x2c C:/ST/STM32CubeIDE_1.14.0/STM32CubeIDE/plugins/com.st.stm32cube.ide.mcu.externaltools.gnu-tools-for-stm32.11.3.rel1.win32_1.1.100.202309141235/tools/bin/../lib/gcc/arm-none-eabi/11.3.1/thumb/v7-m/nofp\libgcc.a(_arm_unorddf2.o)
                0x0000000008000a0c                __unorddf2
                0x0000000008000a0c                __aeabi_dcmpun
 .text          0x0000000008000a38       0x50 C:/ST/STM32CubeIDE_1.14.0/STM32CubeIDE/plugins/com.st.stm32cube.ide.mcu.externaltools.gnu-tools-for-stm32.11.3.rel1.win32_1.1.100.202309141235/tools/bin/../lib/gcc/arm-none-eabi/11.3.1/thumb/v7-m/nofp\libgcc.a(_arm_fixdfsi.o)
                0x0000000008000a38                __aeabi_d2iz
                0x0000000008000a38                __fixdfsi
 .text          0x0000000008000a88       0xa0 C:/ST/STM32CubeIDE_1.14.0/STM32CubeIDE/plugins/com.st.stm32cube.ide.mcu.externaltools.gnu-tools-for-stm32.11.3.rel1.win32_1.1.100.202309141235/tools/bin/../lib/gcc/arm-none-eabi/11.3.1/thumb/v7-m/nofp\libgcc.a(_arm_truncdfsf2.o)
                0x0000000008000a88                __truncdfsf2
                0x0000000008000a88                __aeabi_d2f
 .text          0x0000000008000b28      0x21c C:/ST/STM32CubeIDE_1.14.0/STM32CubeIDE/plugins/com.st.stm32cube.ide.mcu.externaltools.gnu-tools-for-stm32.11.3.rel1.win32_1.1.100.202309141235/tools/bin/../lib/gcc/arm-none-eabi/11.3.1/thumb/v7-m/nofp\libgcc.a(_arm_addsubsf3.o)
                0x0000000008000b28                __aeabi_frsub
                0x0000000008000b30                __subsf3
                0x0000000008000b30                __aeabi_fsub
                0x0000000008000b34                __aeabi_fadd
                0x0000000008000b34                __addsf3
                0x0000000008000c94                __aeabi_ui2f
                0x0000000008000c94                __floatunsisf
                0x0000000008000c9c                __aeabi_i2f
                0x0000000008000c9c                __floatsisf
                0x0000000008000cb8                __aeabi_ul2f
                0x0000000008000cb8                __floatundisf
                0x0000000008000cc8                __aeabi_l2f
                0x0000000008000cc8                __floatdisf
 .text          0x0000000008000d44      0x2a0 C:/ST/STM32CubeIDE_1.14.0/STM32CubeIDE/plugins/com.st.stm32cube.ide.mcu.externaltools.gnu-tools-for-stm32.11.3.rel1.win32_1.1.100.202309141235/tools/bin/../lib/gcc/arm-none-eabi/11.3.1/thumb/v7-m/nofp\libgcc.a(_arm_muldivsf3.o)
                0x0000000008000d44                __mulsf3
                0x0000000008000d44                __aeabi_fmul
                0x0000000008000eac                __aeabi_fdiv
                0x0000000008000eac                __divsf3
 .text          0x0000000008000fe4       0xec C:/ST/STM32CubeIDE_1.14.0/STM32CubeIDE/plugins/com.st.stm32cube.ide.mcu.externaltools.gnu-tools-for-stm32.11.3.rel1.win32_1.1.100.202309141235/tools/bin/../lib/gcc/arm-none-eabi/11.3.1/thumb/v7-m/nofp\libgcc.a(_arm_cmpsf2.o)
                0x0000000008000fe4                __gesf2
                0x0000000008000fe4                __gtsf2
                0x0000000008000fec                __lesf2
                0x0000000008000fec                __ltsf2
                0x0000000008000ff4                __nesf2
                0x0000000008000ff4                __eqsf2
                0x0000000008000ff4                __cmpsf2
                0x0000000008001054                __aeabi_cfrcmple
                0x000000000800105c                __aeabi_cfcmpeq
                0x000000000800105c                __aeabi_cfcmple
                0x000000000800106c                __aeabi_fcmpeq
                0x0000000008001080                __aeabi_fcmplt
                0x0000000008001094                __aeabi_fcmple
                0x00000000080010a8                __aeabi_fcmpge
                0x00000000080010bc                __aeabi_fcmpgt
 .text          0x00000000080010d0       0x4c C:/ST/STM32CubeIDE_1.14.0/STM32CubeIDE/plugins/com.st.stm32cube.ide.mcu.externaltools.gnu-tools-for-stm32.11.3.rel1.win32_1.1.100.202309141235/tools/bin/../lib/gcc/arm-none-eabi/11.3.1/thumb/v7-m/nofp\libgcc.a(_arm_fixsfsi.o)
                0x00000000080010d0                __aeabi_f2iz
                0x00000000080010d0                __fixsfsi
 .text          0x000000000800111c       0x40 C:/ST/STM32CubeIDE_1.14.0/STM32CubeIDE/plugins/com.st.stm32cube.ide.mcu.externaltools.gnu-tools-for-stm32.11.3.rel1.win32_1.1.100.202309141235/tools/bin/../lib/gcc/arm-none-eabi/11.3.1/thumb/v7-m/nofp\libgcc.a(_arm_fixunssfsi.o)
                0x000000000800111c                __fixunssfsi
                0x000000000800111c                __aeabi_f2uiz
 .text          0x000000000800115c       0xa0 C:/ST/STM32CubeIDE_1.14.0/STM32CubeIDE/plugins/com.st.stm32cube.ide.mcu.externaltools.gnu-tools-for-stm32.11.3.rel1.win32_1.1.100.202309141235/tools/bin/../lib/gcc/arm-none-eabi/11.3.1/thumb/v7-m/nofp\libgcc.a(_aeabi_ldivmod.o)
                0x000000000800115c                __aeabi_ldivmod
 .text          0x00000000080011fc      0x2cc C:/ST/STM32CubeIDE_1.14.0/STM32CubeIDE/plugins/com.st.stm32cube.ide.mcu.externaltools.gnu-tools-for-stm32.11.3.rel1.win32_1.1.100.202309141235/tools/bin/../lib/gcc/arm-none-eabi/11.3.1/thumb/v7-m/nofp\libgcc.a(_udivmoddi4.o)
                0x00000000080011fc                __udivmoddi4
 .text          0x00000000080014c8        0x4 C:/ST/STM32CubeIDE_1.14.0/STM32CubeIDE/plugins/com.st.stm32cube.ide.mcu.externaltools.gnu-tools-for-stm32.11.3.rel1.win32_1.1.100.202309141235/tools/bin/../lib/gcc/arm-none-eabi/11.3.1/thumb/v7-m/nofp\libgcc.a(_dvmd_tls.o)
                0x00000000080014c8                __aeabi_idiv0
                0x00000000080014c8                __aeabi_ldiv0
 *(.text*)
 .text.MX_ADC1_Init
                0x00000000080014cc       0x7c ./Core/Src/adc.o
                0x00000000080014cc                MX_ADC1_Init
 .text.HAL_ADC_MspInit
                0x0000000008001548       0x78 ./Core/Src/adc.o
                0x0000000008001548                HAL_ADC_MspInit
 .text.MX_GPIO_Init
                0x00000000080015c0       0xdc ./Core/Src/gpio.o
                0x00000000080015c0                MX_GPIO_Init
 .text.main     0x000000000800169c      0x2c8 ./Core/Src/main.o
                0x000000000800169c                main
 .text.SystemClock_Config
                0x0000000008001964       0xc0 ./Core/Src/main.o
                0x0000000008001964                SystemClock_Config
 .text.filter_calculate
                0x0000000008001a24      0x11c ./Core/Src/main.o
 .text.peak_update
                0x0000000008001b40       0xe0 ./Core/Src/main.o
 .text.slid_update
                0x0000000008001c20      0x164 ./Core/Src/main.o
 .text.is_most_active
                0x0000000008001d84       0xd0 ./Core/Src/main.o
 .text.detect_step
                0x0000000008001e54      0x110 ./Core/Src/main.o
 .text.HAL_usDelay
                0x0000000008001f64       0x80 ./Core/Src/main.o
                0x0000000008001f64                HAL_usDelay
 .text.HAL_msDelay
                0x0000000008001fe4       0x32 ./Core/Src/main.o
                0x0000000008001fe4                HAL_msDelay
 .text.Error_Handler
                0x0000000008002016        0xa ./Core/Src/main.o
                0x0000000008002016                Error_Handler
 .text.MX_RTC_Init
                0x0000000008002020       0x94 ./Core/Src/rtc.o
                0x0000000008002020                MX_RTC_Init
 .text.HAL_RTC_MspInit
                0x00000000080020b4       0x58 ./Core/Src/rtc.o
                0x00000000080020b4                HAL_RTC_MspInit
 .text.HAL_MspInit
                0x000000000800210c       0x64 ./Core/Src/stm32f1xx_hal_msp.o
                0x000000000800210c                HAL_MspInit
 .text.NMI_Handler
                0x0000000008002170        0x6 ./Core/Src/stm32f1xx_it.o
                0x0000000008002170                NMI_Handler
 .text.HardFault_Handler
                0x0000000008002176        0x6 ./Core/Src/stm32f1xx_it.o
                0x0000000008002176                HardFault_Handler
 .text.MemManage_Handler
                0x000000000800217c        0x6 ./Core/Src/stm32f1xx_it.o
                0x000000000800217c                MemManage_Handler
 .text.BusFault_Handler
                0x0000000008002182        0x6 ./Core/Src/stm32f1xx_it.o
                0x0000000008002182                BusFault_Handler
 .text.UsageFault_Handler
                0x0000000008002188        0x6 ./Core/Src/stm32f1xx_it.o
                0x0000000008002188                UsageFault_Handler
 .text.SVC_Handler
                0x000000000800218e        0xc ./Core/Src/stm32f1xx_it.o
                0x000000000800218e                SVC_Handler
 .text.DebugMon_Handler
                0x000000000800219a        0xc ./Core/Src/stm32f1xx_it.o
                0x000000000800219a                DebugMon_Handler
 .text.PendSV_Handler
                0x00000000080021a6        0xc ./Core/Src/stm32f1xx_it.o
                0x00000000080021a6                PendSV_Handler
 .text.SysTick_Handler
                0x00000000080021b2        0xc ./Core/Src/stm32f1xx_it.o
                0x00000000080021b2                SysTick_Handler
 *fill*         0x00000000080021be        0x2 
 .text.RTC_IRQHandler
                0x00000000080021c0       0x14 ./Core/Src/stm32f1xx_it.o
                0x00000000080021c0                RTC_IRQHandler
 .text._getpid  0x00000000080021d4        0xe ./Core/Src/syscalls.o
                0x00000000080021d4                _getpid
 .text._kill    0x00000000080021e2       0x20 ./Core/Src/syscalls.o
                0x00000000080021e2                _kill
 .text._exit    0x0000000008002202       0x14 ./Core/Src/syscalls.o
                0x0000000008002202                _exit
 .text._read    0x0000000008002216       0x3a ./Core/Src/syscalls.o
                0x0000000008002216                _read
 .text._write   0x0000000008002250       0x38 ./Core/Src/syscalls.o
                0x0000000008002250                _write
 .text._close   0x0000000008002288       0x16 ./Core/Src/syscalls.o
                0x0000000008002288                _close
 .text._fstat   0x000000000800229e       0x1e ./Core/Src/syscalls.o
                0x000000000800229e                _fstat
 .text._isatty  0x00000000080022bc       0x14 ./Core/Src/syscalls.o
                0x00000000080022bc                _isatty
 .text._lseek   0x00000000080022d0       0x18 ./Core/Src/syscalls.o
                0x00000000080022d0                _lseek
 .text._sbrk    0x00000000080022e8       0x6c ./Core/Src/sysmem.o
                0x00000000080022e8                _sbrk
 .text.SystemInit
                0x0000000008002354        0xc ./Core/Src/system_stm32f1xx.o
                0x0000000008002354                SystemInit
 .text.MX_USART1_UART_Init
                0x0000000008002360       0x54 ./Core/Src/usart.o
                0x0000000008002360                MX_USART1_UART_Init
 .text.HAL_UART_MspInit
                0x00000000080023b4       0x98 ./Core/Src/usart.o
                0x00000000080023b4                HAL_UART_MspInit
 .text.__io_putchar
                0x000000000800244c       0x24 ./Core/Src/usart.o
                0x000000000800244c                __io_putchar
 .text.Reset_Handler
                0x0000000008002470       0x48 ./Core/Startup/startup_stm32f103c8tx.o
                0x0000000008002470                Reset_Handler
 .text.Default_Handler
                0x00000000080024b8        0x2 ./Core/Startup/startup_stm32f103c8tx.o
                0x00000000080024b8                RTC_Alarm_IRQHandler
                0x00000000080024b8                EXTI2_IRQHandler
                0x00000000080024b8                TIM1_CC_IRQHandler
                0x00000000080024b8                PVD_IRQHandler
                0x00000000080024b8                EXTI3_IRQHandler
                0x00000000080024b8                EXTI0_IRQHandler
                0x00000000080024b8                I2C2_EV_IRQHandler
                0x00000000080024b8                ADC1_2_IRQHandler
                0x00000000080024b8                SPI1_IRQHandler
                0x00000000080024b8                TAMPER_IRQHandler
                0x00000000080024b8                DMA1_Channel4_IRQHandler
                0x00000000080024b8                USART3_IRQHandler
                0x00000000080024b8                DMA1_Channel7_IRQHandler
                0x00000000080024b8                CAN1_RX1_IRQHandler
                0x00000000080024b8                TIM4_IRQHandler
                0x00000000080024b8                I2C1_EV_IRQHandler
                0x00000000080024b8                DMA1_Channel6_IRQHandler
                0x00000000080024b8                TIM3_IRQHandler
                0x00000000080024b8                RCC_IRQHandler
                0x00000000080024b8                TIM1_TRG_COM_IRQHandler
                0x00000000080024b8                DMA1_Channel1_IRQHandler
                0x00000000080024b8                Default_Handler
                0x00000000080024b8                EXTI15_10_IRQHandler
                0x00000000080024b8                EXTI9_5_IRQHandler
                0x00000000080024b8                SPI2_IRQHandler
                0x00000000080024b8                DMA1_Channel5_IRQHandler
                0x00000000080024b8                EXTI4_IRQHandler
                0x00000000080024b8                USB_LP_CAN1_RX0_IRQHandler
                0x00000000080024b8                USB_HP_CAN1_TX_IRQHandler
                0x00000000080024b8                DMA1_Channel3_IRQHandler
                0x00000000080024b8                TIM1_UP_IRQHandler
                0x00000000080024b8                WWDG_IRQHandler
                0x00000000080024b8                TIM2_IRQHandler
                0x00000000080024b8                TIM1_BRK_IRQHandler
                0x00000000080024b8                EXTI1_IRQHandler
                0x00000000080024b8                USART2_IRQHandler
                0x00000000080024b8                I2C2_ER_IRQHandler
                0x00000000080024b8                DMA1_Channel2_IRQHandler
                0x00000000080024b8                CAN1_SCE_IRQHandler
                0x00000000080024b8                FLASH_IRQHandler
                0x00000000080024b8                USART1_IRQHandler
                0x00000000080024b8                I2C1_ER_IRQHandler
                0x00000000080024b8                USBWakeUp_IRQHandler
 *fill*         0x00000000080024ba        0x2 
 .text.HAL_Init
                0x00000000080024bc       0x2c ./Drivers/STM32F1xx_HAL_Driver/Src/stm32f1xx_hal.o
                0x00000000080024bc                HAL_Init
 .text.HAL_InitTick
                0x00000000080024e8       0x60 ./Drivers/STM32F1xx_HAL_Driver/Src/stm32f1xx_hal.o
                0x00000000080024e8                HAL_InitTick
 .text.HAL_IncTick
                0x0000000008002548       0x24 ./Drivers/STM32F1xx_HAL_Driver/Src/stm32f1xx_hal.o
                0x0000000008002548                HAL_IncTick
 .text.HAL_GetTick
                0x000000000800256c       0x14 ./Drivers/STM32F1xx_HAL_Driver/Src/stm32f1xx_hal.o
                0x000000000800256c                HAL_GetTick
 .text.HAL_ADC_Init
                0x0000000008002580      0x1b0 ./Drivers/STM32F1xx_HAL_Driver/Src/stm32f1xx_hal_adc.o
                0x0000000008002580                HAL_ADC_Init
 .text.HAL_ADC_Start
                0x0000000008002730      0x15c ./Drivers/STM32F1xx_HAL_Driver/Src/stm32f1xx_hal_adc.o
                0x0000000008002730                HAL_ADC_Start
 .text.HAL_ADC_GetValue
                0x000000000800288c       0x18 ./Drivers/STM32F1xx_HAL_Driver/Src/stm32f1xx_hal_adc.o
                0x000000000800288c                HAL_ADC_GetValue
 .text.HAL_ADC_ConfigChannel
                0x00000000080028a4      0x1f0 ./Drivers/STM32F1xx_HAL_Driver/Src/stm32f1xx_hal_adc.o
                0x00000000080028a4                HAL_ADC_ConfigChannel
 .text.ADC_Enable
                0x0000000008002a94       0xb4 ./Drivers/STM32F1xx_HAL_Driver/Src/stm32f1xx_hal_adc.o
                0x0000000008002a94                ADC_Enable
 .text.ADC_ConversionStop_Disable
                0x0000000008002b48       0x82 ./Drivers/STM32F1xx_HAL_Driver/Src/stm32f1xx_hal_adc.o
                0x0000000008002b48                ADC_ConversionStop_Disable
 *fill*         0x0000000008002bca        0x2 
 .text.__NVIC_SetPriorityGrouping
                0x0000000008002bcc       0x48 ./Drivers/STM32F1xx_HAL_Driver/Src/stm32f1xx_hal_cortex.o
 .text.__NVIC_GetPriorityGrouping
                0x0000000008002c14       0x1c ./Drivers/STM32F1xx_HAL_Driver/Src/stm32f1xx_hal_cortex.o
 .text.__NVIC_EnableIRQ
                0x0000000008002c30       0x38 ./Drivers/STM32F1xx_HAL_Driver/Src/stm32f1xx_hal_cortex.o
 .text.__NVIC_SetPriority
                0x0000000008002c68       0x54 ./Drivers/STM32F1xx_HAL_Driver/Src/stm32f1xx_hal_cortex.o
 .text.NVIC_EncodePriority
                0x0000000008002cbc       0x64 ./Drivers/STM32F1xx_HAL_Driver/Src/stm32f1xx_hal_cortex.o
 .text.SysTick_Config
                0x0000000008002d20       0x44 ./Drivers/STM32F1xx_HAL_Driver/Src/stm32f1xx_hal_cortex.o
 .text.HAL_NVIC_SetPriorityGrouping
                0x0000000008002d64       0x16 ./Drivers/STM32F1xx_HAL_Driver/Src/stm32f1xx_hal_cortex.o
                0x0000000008002d64                HAL_NVIC_SetPriorityGrouping
 .text.HAL_NVIC_SetPriority
                0x0000000008002d7a       0x38 ./Drivers/STM32F1xx_HAL_Driver/Src/stm32f1xx_hal_cortex.o
                0x0000000008002d7a                HAL_NVIC_SetPriority
 .text.HAL_NVIC_EnableIRQ
                0x0000000008002db2       0x1c ./Drivers/STM32F1xx_HAL_Driver/Src/stm32f1xx_hal_cortex.o
                0x0000000008002db2                HAL_NVIC_EnableIRQ
 .text.HAL_SYSTICK_Config
                0x0000000008002dce       0x18 ./Drivers/STM32F1xx_HAL_Driver/Src/stm32f1xx_hal_cortex.o
                0x0000000008002dce                HAL_SYSTICK_Config
 *fill*         0x0000000008002de6        0x2 
 .text.HAL_GPIO_Init
                0x0000000008002de8      0x308 ./Drivers/STM32F1xx_HAL_Driver/Src/stm32f1xx_hal_gpio.o
                0x0000000008002de8                HAL_GPIO_Init
 .text.HAL_GPIO_ReadPin
                0x00000000080030f0       0x2e ./Drivers/STM32F1xx_HAL_Driver/Src/stm32f1xx_hal_gpio.o
                0x00000000080030f0                HAL_GPIO_ReadPin
 .text.HAL_GPIO_WritePin
                0x000000000800311e       0x30 ./Drivers/STM32F1xx_HAL_Driver/Src/stm32f1xx_hal_gpio.o
                0x000000000800311e                HAL_GPIO_WritePin
 *fill*         0x000000000800314e        0x2 
 .text.HAL_PWR_EnableBkUpAccess
                0x0000000008003150       0x18 ./Drivers/STM32F1xx_HAL_Driver/Src/stm32f1xx_hal_pwr.o
                0x0000000008003150                HAL_PWR_EnableBkUpAccess
 .text.HAL_RCC_OscConfig
                0x0000000008003168      0x504 ./Drivers/STM32F1xx_HAL_Driver/Src/stm32f1xx_hal_rcc.o
                0x0000000008003168                HAL_RCC_OscConfig
 .text.HAL_RCC_ClockConfig
                0x000000000800366c      0x1d4 ./Drivers/STM32F1xx_HAL_Driver/Src/stm32f1xx_hal_rcc.o
                0x000000000800366c                HAL_RCC_ClockConfig
 .text.HAL_RCC_GetSysClockFreq
                0x0000000008003840       0xa8 ./Drivers/STM32F1xx_HAL_Driver/Src/stm32f1xx_hal_rcc.o
                0x0000000008003840                HAL_RCC_GetSysClockFreq
 .text.HAL_RCC_GetHCLKFreq
                0x00000000080038e8       0x14 ./Drivers/STM32F1xx_HAL_Driver/Src/stm32f1xx_hal_rcc.o
                0x00000000080038e8                HAL_RCC_GetHCLKFreq
 .text.HAL_RCC_GetPCLK1Freq
                0x00000000080038fc       0x28 ./Drivers/STM32F1xx_HAL_Driver/Src/stm32f1xx_hal_rcc.o
                0x00000000080038fc                HAL_RCC_GetPCLK1Freq
 .text.HAL_RCC_GetPCLK2Freq
                0x0000000008003924       0x28 ./Drivers/STM32F1xx_HAL_Driver/Src/stm32f1xx_hal_rcc.o
                0x0000000008003924                HAL_RCC_GetPCLK2Freq
 .text.RCC_Delay
                0x000000000800394c       0x3c ./Drivers/STM32F1xx_HAL_Driver/Src/stm32f1xx_hal_rcc.o
 .text.HAL_RCCEx_PeriphCLKConfig
                0x0000000008003988      0x16c ./Drivers/STM32F1xx_HAL_Driver/Src/stm32f1xx_hal_rcc_ex.o
                0x0000000008003988                HAL_RCCEx_PeriphCLKConfig
 .text.HAL_RCCEx_GetPeriphCLKFreq
                0x0000000008003af4      0x16c ./Drivers/STM32F1xx_HAL_Driver/Src/stm32f1xx_hal_rcc_ex.o
                0x0000000008003af4                HAL_RCCEx_GetPeriphCLKFreq
 .text.HAL_RTC_Init
                0x0000000008003c60      0x118 ./Drivers/STM32F1xx_HAL_Driver/Src/stm32f1xx_hal_rtc.o
                0x0000000008003c60                HAL_RTC_Init
 .text.HAL_RTC_SetTime
                0x0000000008003d78      0x12e ./Drivers/STM32F1xx_HAL_Driver/Src/stm32f1xx_hal_rtc.o
                0x0000000008003d78                HAL_RTC_SetTime
 *fill*         0x0000000008003ea6        0x2 
 .text.HAL_RTC_GetTime
                0x0000000008003ea8      0x1b0 ./Drivers/STM32F1xx_HAL_Driver/Src/stm32f1xx_hal_rtc.o
                0x0000000008003ea8                HAL_RTC_GetTime
 .text.HAL_RTC_SetDate
                0x0000000008004058      0x16c ./Drivers/STM32F1xx_HAL_Driver/Src/stm32f1xx_hal_rtc.o
                0x0000000008004058                HAL_RTC_SetDate
 .text.HAL_RTC_GetDate
                0x00000000080041c4       0xa8 ./Drivers/STM32F1xx_HAL_Driver/Src/stm32f1xx_hal_rtc.o
                0x00000000080041c4                HAL_RTC_GetDate
 .text.HAL_RTC_WaitForSynchro
                0x000000000800426c       0x5a ./Drivers/STM32F1xx_HAL_Driver/Src/stm32f1xx_hal_rtc.o
                0x000000000800426c                HAL_RTC_WaitForSynchro
 .text.RTC_ReadTimeCounter
                0x00000000080042c6       0x60 ./Drivers/STM32F1xx_HAL_Driver/Src/stm32f1xx_hal_rtc.o
 .text.RTC_WriteTimeCounter
                0x0000000008004326       0x4e ./Drivers/STM32F1xx_HAL_Driver/Src/stm32f1xx_hal_rtc.o
 .text.RTC_ReadAlarmCounter
                0x0000000008004374       0x32 ./Drivers/STM32F1xx_HAL_Driver/Src/stm32f1xx_hal_rtc.o
 .text.RTC_WriteAlarmCounter
                0x00000000080043a6       0x4e ./Drivers/STM32F1xx_HAL_Driver/Src/stm32f1xx_hal_rtc.o
 .text.RTC_EnterInitMode
                0x00000000080043f4       0x50 ./Drivers/STM32F1xx_HAL_Driver/Src/stm32f1xx_hal_rtc.o
 .text.RTC_ExitInitMode
                0x0000000008004444       0x50 ./Drivers/STM32F1xx_HAL_Driver/Src/stm32f1xx_hal_rtc.o
 .text.RTC_ByteToBcd2
                0x0000000008004494       0x3a ./Drivers/STM32F1xx_HAL_Driver/Src/stm32f1xx_hal_rtc.o
 .text.RTC_Bcd2ToByte
                0x00000000080044ce       0x3a ./Drivers/STM32F1xx_HAL_Driver/Src/stm32f1xx_hal_rtc.o
 .text.RTC_DateUpdate
                0x0000000008004508      0x152 ./Drivers/STM32F1xx_HAL_Driver/Src/stm32f1xx_hal_rtc.o
 *fill*         0x000000000800465a        0x2 
 .text.RTC_IsLeapYear
                0x000000000800465c       0x64 ./Drivers/STM32F1xx_HAL_Driver/Src/stm32f1xx_hal_rtc.o
 .text.RTC_WeekDayNum
                0x00000000080046c0       0xf0 ./Drivers/STM32F1xx_HAL_Driver/Src/stm32f1xx_hal_rtc.o
 .text.HAL_RTCEx_RTCIRQHandler
                0x00000000080047b0       0x6e ./Drivers/STM32F1xx_HAL_Driver/Src/stm32f1xx_hal_rtc_ex.o
                0x00000000080047b0                HAL_RTCEx_RTCIRQHandler
 .text.HAL_RTCEx_RTCEventCallback
                0x000000000800481e       0x12 ./Drivers/STM32F1xx_HAL_Driver/Src/stm32f1xx_hal_rtc_ex.o
                0x000000000800481e                HAL_RTCEx_RTCEventCallback
 .text.HAL_RTCEx_RTCEventErrorCallback
                0x0000000008004830       0x12 ./Drivers/STM32F1xx_HAL_Driver/Src/stm32f1xx_hal_rtc_ex.o
                0x0000000008004830                HAL_RTCEx_RTCEventErrorCallback
 .text.HAL_UART_Init
                0x0000000008004842       0xa0 ./Drivers/STM32F1xx_HAL_Driver/Src/stm32f1xx_hal_uart.o
                0x0000000008004842                HAL_UART_Init
 .text.HAL_UART_Transmit
                0x00000000080048e2      0x106 ./Drivers/STM32F1xx_HAL_Driver/Src/stm32f1xx_hal_uart.o
                0x00000000080048e2                HAL_UART_Transmit
 .text.UART_WaitOnFlagUntilTimeout
                0x00000000080049e8       0xdc ./Drivers/STM32F1xx_HAL_Driver/Src/stm32f1xx_hal_uart.o
 .text.UART_SetConfig
                0x0000000008004ac4      0x11c ./Drivers/STM32F1xx_HAL_Driver/Src/stm32f1xx_hal_uart.o
 .text.LCD12864_Rom_OUT
                0x0000000008004be0       0x3c ./HARDWAVE/LCD12864/LCD12864.o
                0x0000000008004be0                LCD12864_Rom_OUT
 .text.LCD12864_Rom_IN
                0x0000000008004c1c       0x3c ./HARDWAVE/LCD12864/LCD12864.o
                0x0000000008004c1c                LCD12864_Rom_IN
 .text.transfer_command_lcd
                0x0000000008004c58       0x88 ./HARDWAVE/LCD12864/LCD12864.o
                0x0000000008004c58                transfer_command_lcd
 .text.transfer_data_lcd
                0x0000000008004ce0       0x88 ./HARDWAVE/LCD12864/LCD12864.o
                0x0000000008004ce0                transfer_data_lcd
 .text.initial_lcd
                0x0000000008004d68       0x8c ./HARDWAVE/LCD12864/LCD12864.o
                0x0000000008004d68                initial_lcd
 .text.lcd_address
                0x0000000008004df4       0x3e ./HARDWAVE/LCD12864/LCD12864.o
                0x0000000008004df4                lcd_address
 .text.clear_screen
                0x0000000008004e32       0x50 ./HARDWAVE/LCD12864/LCD12864.o
                0x0000000008004e32                clear_screen
 *fill*         0x0000000008004e82        0x2 
 .text.send_command_to_ROM
                0x0000000008004e84       0x7c ./HARDWAVE/LCD12864/LCD12864.o
                0x0000000008004e84                send_command_to_ROM
 .text.get_data_from_ROM
                0x0000000008004f00       0x74 ./HARDWAVE/LCD12864/LCD12864.o
 .text.get_and_write_16x16
                0x0000000008004f74       0xa4 ./HARDWAVE/LCD12864/LCD12864.o
                0x0000000008004f74                get_and_write_16x16
 .text.get_and_write_8x16
                0x0000000008005018       0xa4 ./HARDWAVE/LCD12864/LCD12864.o
                0x0000000008005018                get_and_write_8x16
 .text.display_GB2312_string
                0x00000000080050bc      0x18c ./HARDWAVE/LCD12864/LCD12864.o
                0x00000000080050bc                display_GB2312_string
 .text.MPU_Init
                0x0000000008005248       0x86 ./HARDWAVE/MPU6050/Src/mpu6050.o
                0x0000000008005248                MPU_Init
 .text.MPU_Set_Gyro_Fsr
                0x00000000080052ce       0x22 ./HARDWAVE/MPU6050/Src/mpu6050.o
                0x00000000080052ce                MPU_Set_Gyro_Fsr
 .text.MPU_Set_Accel_Fsr
                0x00000000080052f0       0x22 ./HARDWAVE/MPU6050/Src/mpu6050.o
                0x00000000080052f0                MPU_Set_Accel_Fsr
 .text.MPU_Set_LPF
                0x0000000008005312       0x62 ./HARDWAVE/MPU6050/Src/mpu6050.o
                0x0000000008005312                MPU_Set_LPF
 .text.MPU_Set_Rate
                0x0000000008005374       0x56 ./HARDWAVE/MPU6050/Src/mpu6050.o
                0x0000000008005374                MPU_Set_Rate
 .text.MPU_Get_Accelerometer
                0x00000000080053ca       0x64 ./HARDWAVE/MPU6050/Src/mpu6050.o
                0x00000000080053ca                MPU_Get_Accelerometer
 .text.MPU_Write_Len
                0x000000000800542e       0x84 ./HARDWAVE/MPU6050/Src/mpu6050.o
                0x000000000800542e                MPU_Write_Len
 .text.MPU_Read_Len
                0x00000000080054b2       0xa4 ./HARDWAVE/MPU6050/Src/mpu6050.o
                0x00000000080054b2                MPU_Read_Len
 .text.MPU_Write_Byte
                0x0000000008005556       0x60 ./HARDWAVE/MPU6050/Src/mpu6050.o
                0x0000000008005556                MPU_Write_Byte
 .text.MPU_Read_Byte
                0x00000000080055b6       0x4a ./HARDWAVE/MPU6050/Src/mpu6050.o
                0x00000000080055b6                MPU_Read_Byte
 .text.MPU_IIC_Init
                0x0000000008005600       0x44 ./HARDWAVE/MPU6050/Src/mpu6050iic.o
                0x0000000008005600                MPU_IIC_Init
 .text.MPU_SDA_OUT
                0x0000000008005644       0x38 ./HARDWAVE/MPU6050/Src/mpu6050iic.o
                0x0000000008005644                MPU_SDA_OUT
 .text.MPU_SDA_IN
                0x000000000800567c       0x38 ./HARDWAVE/MPU6050/Src/mpu6050iic.o
                0x000000000800567c                MPU_SDA_IN
 .text.MPU_IIC_Start
                0x00000000080056b4       0x44 ./HARDWAVE/MPU6050/Src/mpu6050iic.o
                0x00000000080056b4                MPU_IIC_Start
 .text.MPU_IIC_Stop
                0x00000000080056f8       0x44 ./HARDWAVE/MPU6050/Src/mpu6050iic.o
                0x00000000080056f8                MPU_IIC_Stop
 .text.MPU_IIC_Wait_Ack
                0x000000000800573c       0x6c ./HARDWAVE/MPU6050/Src/mpu6050iic.o
                0x000000000800573c                MPU_IIC_Wait_Ack
 .text.MPU_IIC_Ack
                0x00000000080057a8       0x44 ./HARDWAVE/MPU6050/Src/mpu6050iic.o
                0x00000000080057a8                MPU_IIC_Ack
 .text.MPU_IIC_NAck
                0x00000000080057ec       0x44 ./HARDWAVE/MPU6050/Src/mpu6050iic.o
                0x00000000080057ec                MPU_IIC_NAck
 .text.MPU_IIC_Send_Byte
                0x0000000008005830       0x70 ./HARDWAVE/MPU6050/Src/mpu6050iic.o
                0x0000000008005830                MPU_IIC_Send_Byte
 .text.MPU_IIC_Read_Byte
                0x00000000080058a0       0x7c ./HARDWAVE/MPU6050/Src/mpu6050iic.o
                0x00000000080058a0                MPU_IIC_Read_Byte
 .text.set_int_enable
                0x000000000800591c       0xb4 ./HARDWAVE/MPU6050/eMPL/inv_mpu.o
 .text.mpu_init
                0x00000000080059d0      0x228 ./HARDWAVE/MPU6050/eMPL/inv_mpu.o
                0x00000000080059d0                mpu_init
 .text.mpu_lp_accel_mode
                0x0000000008005bf8       0xf8 ./HARDWAVE/MPU6050/eMPL/inv_mpu.o
                0x0000000008005bf8                mpu_lp_accel_mode
 .text.mpu_reset_fifo
                0x0000000008005cf0      0x208 ./HARDWAVE/MPU6050/eMPL/inv_mpu.o
                0x0000000008005cf0                mpu_reset_fifo
 .text.mpu_get_gyro_fsr
                0x0000000008005ef8       0x68 ./HARDWAVE/MPU6050/eMPL/inv_mpu.o
                0x0000000008005ef8                mpu_get_gyro_fsr
 .text.mpu_set_gyro_fsr
                0x0000000008005f60       0xa8 ./HARDWAVE/MPU6050/eMPL/inv_mpu.o
                0x0000000008005f60                mpu_set_gyro_fsr
 .text.mpu_get_accel_fsr
                0x0000000008006008       0x74 ./HARDWAVE/MPU6050/eMPL/inv_mpu.o
                0x0000000008006008                mpu_get_accel_fsr
 .text.mpu_set_accel_fsr
                0x000000000800607c       0xd0 ./HARDWAVE/MPU6050/eMPL/inv_mpu.o
                0x000000000800607c                mpu_set_accel_fsr
 .text.mpu_get_lpf
                0x000000000800614c       0x78 ./HARDWAVE/MPU6050/eMPL/inv_mpu.o
                0x000000000800614c                mpu_get_lpf
 .text.mpu_set_lpf
                0x00000000080061c4       0x9c ./HARDWAVE/MPU6050/eMPL/inv_mpu.o
                0x00000000080061c4                mpu_set_lpf
 .text.mpu_get_sample_rate
                0x0000000008006260       0x30 ./HARDWAVE/MPU6050/eMPL/inv_mpu.o
                0x0000000008006260                mpu_get_sample_rate
 .text.mpu_set_sample_rate
                0x0000000008006290       0xcc ./HARDWAVE/MPU6050/eMPL/inv_mpu.o
                0x0000000008006290                mpu_set_sample_rate
 .text.mpu_get_gyro_sens
                0x000000000800635c       0x70 ./HARDWAVE/MPU6050/eMPL/inv_mpu.o
                0x000000000800635c                mpu_get_gyro_sens
 .text.mpu_get_accel_sens
                0x00000000080063cc       0x7c ./HARDWAVE/MPU6050/eMPL/inv_mpu.o
                0x00000000080063cc                mpu_get_accel_sens
 .text.mpu_get_fifo_config
                0x0000000008006448       0x20 ./HARDWAVE/MPU6050/eMPL/inv_mpu.o
                0x0000000008006448                mpu_get_fifo_config
 .text.mpu_configure_fifo
                0x0000000008006468       0xa4 ./HARDWAVE/MPU6050/eMPL/inv_mpu.o
                0x0000000008006468                mpu_configure_fifo
 .text.mpu_set_sensors
                0x000000000800650c      0x10c ./HARDWAVE/MPU6050/eMPL/inv_mpu.o
                0x000000000800650c                mpu_set_sensors
 .text.mpu_read_fifo_stream
                0x0000000008006618       0xfc ./HARDWAVE/MPU6050/eMPL/inv_mpu.o
                0x0000000008006618                mpu_read_fifo_stream
 .text.mpu_set_bypass
                0x0000000008006714      0x18c ./HARDWAVE/MPU6050/eMPL/inv_mpu.o
                0x0000000008006714                mpu_set_bypass
 .text.mpu_set_int_latched
                0x00000000080068a0       0x88 ./HARDWAVE/MPU6050/eMPL/inv_mpu.o
                0x00000000080068a0                mpu_set_int_latched
 .text.get_accel_prod_shift
                0x0000000008006928      0x118 ./HARDWAVE/MPU6050/eMPL/inv_mpu.o
 .text.accel_self_test
                0x0000000008006a40      0x108 ./HARDWAVE/MPU6050/eMPL/inv_mpu.o
 .text.gyro_self_test
                0x0000000008006b48      0x178 ./HARDWAVE/MPU6050/eMPL/inv_mpu.o
 .text.get_st_biases
                0x0000000008006cc0      0x6e8 ./HARDWAVE/MPU6050/eMPL/inv_mpu.o
 .text.mpu_run_self_test
                0x00000000080073a8      0x1a8 ./HARDWAVE/MPU6050/eMPL/inv_mpu.o
                0x00000000080073a8                mpu_run_self_test
 .text.mpu_write_mem
                0x0000000008007550       0xa4 ./HARDWAVE/MPU6050/eMPL/inv_mpu.o
                0x0000000008007550                mpu_write_mem
 .text.mpu_read_mem
                0x00000000080075f4       0xa4 ./HARDWAVE/MPU6050/eMPL/inv_mpu.o
                0x00000000080075f4                mpu_read_mem
 .text.mpu_load_firmware
                0x0000000008007698       0xfc ./HARDWAVE/MPU6050/eMPL/inv_mpu.o
                0x0000000008007698                mpu_load_firmware
 .text.mpu_set_dmp_state
                0x0000000008007794       0xa8 ./HARDWAVE/MPU6050/eMPL/inv_mpu.o
                0x0000000008007794                mpu_set_dmp_state
 .text.run_self_test
                0x000000000800783c       0xd0 ./HARDWAVE/MPU6050/eMPL/inv_mpu.o
                0x000000000800783c                run_self_test
 .text.inv_orientation_matrix_to_scalar
                0x000000000800790c       0x50 ./HARDWAVE/MPU6050/eMPL/inv_mpu.o
                0x000000000800790c                inv_orientation_matrix_to_scalar
 .text.inv_row_2_scale
                0x000000000800795c       0x80 ./HARDWAVE/MPU6050/eMPL/inv_mpu.o
                0x000000000800795c                inv_row_2_scale
 .text.mget_ms  0x00000000080079dc       0x12 ./HARDWAVE/MPU6050/eMPL/inv_mpu.o
                0x00000000080079dc                mget_ms
 *fill*         0x00000000080079ee        0x2 
 .text.mpu_dmp_init
                0x00000000080079f0       0xe4 ./HARDWAVE/MPU6050/eMPL/inv_mpu.o
                0x00000000080079f0                mpu_dmp_init
 *fill*         0x0000000008007ad4        0x4 
 .text.mpu_dmp_get_data
                0x0000000008007ad8      0x2a0 ./HARDWAVE/MPU6050/eMPL/inv_mpu.o
                0x0000000008007ad8                mpu_dmp_get_data
 .text.dmp_load_motion_driver_firmware
                0x0000000008007d78       0x20 ./HARDWAVE/MPU6050/eMPL/inv_mpu_dmp_motion_driver.o
                0x0000000008007d78                dmp_load_motion_driver_firmware
 .text.dmp_set_orientation
                0x0000000008007d98      0x1d8 ./HARDWAVE/MPU6050/eMPL/inv_mpu_dmp_motion_driver.o
                0x0000000008007d98                dmp_set_orientation
 .text.dmp_set_gyro_bias
                0x0000000008007f70      0x214 ./HARDWAVE/MPU6050/eMPL/inv_mpu_dmp_motion_driver.o
                0x0000000008007f70                dmp_set_gyro_bias
 .text.dmp_set_accel_bias
                0x0000000008008184      0x208 ./HARDWAVE/MPU6050/eMPL/inv_mpu_dmp_motion_driver.o
                0x0000000008008184                dmp_set_accel_bias
 .text.dmp_set_fifo_rate
                0x000000000800838c       0x90 ./HARDWAVE/MPU6050/eMPL/inv_mpu_dmp_motion_driver.o
                0x000000000800838c                dmp_set_fifo_rate
 .text.dmp_set_tap_thresh
                0x000000000800841c      0x254 ./HARDWAVE/MPU6050/eMPL/inv_mpu_dmp_motion_driver.o
                0x000000000800841c                dmp_set_tap_thresh
 .text.dmp_set_tap_axes
                0x0000000008008670       0x64 ./HARDWAVE/MPU6050/eMPL/inv_mpu_dmp_motion_driver.o
                0x0000000008008670                dmp_set_tap_axes
 .text.dmp_set_tap_count
                0x00000000080086d4       0x42 ./HARDWAVE/MPU6050/eMPL/inv_mpu_dmp_motion_driver.o
                0x00000000080086d4                dmp_set_tap_count
 *fill*         0x0000000008008716        0x2 
 .text.dmp_set_tap_time
                0x0000000008008718       0x44 ./HARDWAVE/MPU6050/eMPL/inv_mpu_dmp_motion_driver.o
                0x0000000008008718                dmp_set_tap_time
 .text.dmp_set_tap_time_multi
                0x000000000800875c       0x44 ./HARDWAVE/MPU6050/eMPL/inv_mpu_dmp_motion_driver.o
                0x000000000800875c                dmp_set_tap_time_multi
 .text.dmp_set_shake_reject_thresh
                0x00000000080087a0       0x60 ./HARDWAVE/MPU6050/eMPL/inv_mpu_dmp_motion_driver.o
                0x00000000080087a0                dmp_set_shake_reject_thresh
 .text.dmp_set_shake_reject_time
                0x0000000008008800       0x44 ./HARDWAVE/MPU6050/eMPL/inv_mpu_dmp_motion_driver.o
                0x0000000008008800                dmp_set_shake_reject_time
 .text.dmp_set_shake_reject_timeout
                0x0000000008008844       0x44 ./HARDWAVE/MPU6050/eMPL/inv_mpu_dmp_motion_driver.o
                0x0000000008008844                dmp_set_shake_reject_timeout
 .text.dmp_enable_feature
                0x0000000008008888      0x250 ./HARDWAVE/MPU6050/eMPL/inv_mpu_dmp_motion_driver.o
                0x0000000008008888                dmp_enable_feature
 .text.dmp_enable_gyro_cal
                0x0000000008008ad8       0x60 ./HARDWAVE/MPU6050/eMPL/inv_mpu_dmp_motion_driver.o
                0x0000000008008ad8                dmp_enable_gyro_cal
 .text.dmp_enable_lp_quat
                0x0000000008008b38       0x4e ./HARDWAVE/MPU6050/eMPL/inv_mpu_dmp_motion_driver.o
                0x0000000008008b38                dmp_enable_lp_quat
 .text.dmp_enable_6x_lp_quat
                0x0000000008008b86       0x4e ./HARDWAVE/MPU6050/eMPL/inv_mpu_dmp_motion_driver.o
                0x0000000008008b86                dmp_enable_6x_lp_quat
 .text.decode_gesture
                0x0000000008008bd4       0x88 ./HARDWAVE/MPU6050/eMPL/inv_mpu_dmp_motion_driver.o
 .text.dmp_read_fifo
                0x0000000008008c5c      0x2d8 ./HARDWAVE/MPU6050/eMPL/inv_mpu_dmp_motion_driver.o
                0x0000000008008c5c                dmp_read_fifo
 .text.__cvt    0x0000000008008f34       0xbe C:/ST/STM32CubeIDE_1.14.0/STM32CubeIDE/plugins/com.st.stm32cube.ide.mcu.externaltools.gnu-tools-for-stm32.11.3.rel1.win32_1.1.100.202309141235/tools/bin/../lib/gcc/arm-none-eabi/11.3.1/../../../../arm-none-eabi/lib/thumb/v7-m/nofp\libc_nano.a(libc_a-nano-vfprintf_float.o)
                0x0000000008008f34                __cvt
 .text.__exponent
                0x0000000008008ff2       0x7a C:/ST/STM32CubeIDE_1.14.0/STM32CubeIDE/plugins/com.st.stm32cube.ide.mcu.externaltools.gnu-tools-for-stm32.11.3.rel1.win32_1.1.100.202309141235/tools/bin/../lib/gcc/arm-none-eabi/11.3.1/../../../../arm-none-eabi/lib/thumb/v7-m/nofp\libc_nano.a(libc_a-nano-vfprintf_float.o)
                0x0000000008008ff2                __exponent
 .text._printf_float
                0x000000000800906c      0x45c C:/ST/STM32CubeIDE_1.14.0/STM32CubeIDE/plugins/com.st.stm32cube.ide.mcu.externaltools.gnu-tools-for-stm32.11.3.rel1.win32_1.1.100.202309141235/tools/bin/../lib/gcc/arm-none-eabi/11.3.1/../../../../arm-none-eabi/lib/thumb/v7-m/nofp\libc_nano.a(libc_a-nano-vfprintf_float.o)
                0x000000000800906c                _printf_float
 .text._printf_common
                0x00000000080094c8       0xe4 C:/ST/STM32CubeIDE_1.14.0/STM32CubeIDE/plugins/com.st.stm32cube.ide.mcu.externaltools.gnu-tools-for-stm32.11.3.rel1.win32_1.1.100.202309141235/tools/bin/../lib/gcc/arm-none-eabi/11.3.1/../../../../arm-none-eabi/lib/thumb/v7-m/nofp\libc_nano.a(libc_a-nano-vfprintf_i.o)
                0x00000000080094c8                _printf_common
 .text._printf_i
                0x00000000080095ac      0x244 C:/ST/STM32CubeIDE_1.14.0/STM32CubeIDE/plugins/com.st.stm32cube.ide.mcu.externaltools.gnu-tools-for-stm32.11.3.rel1.win32_1.1.100.202309141235/tools/bin/../lib/gcc/arm-none-eabi/11.3.1/../../../../arm-none-eabi/lib/thumb/v7-m/nofp\libc_nano.a(libc_a-nano-vfprintf_i.o)
                0x00000000080095ac                _printf_i
 .text.std      0x00000000080097f0       0x6c C:/ST/STM32CubeIDE_1.14.0/STM32CubeIDE/plugins/com.st.stm32cube.ide.mcu.externaltools.gnu-tools-for-stm32.11.3.rel1.win32_1.1.100.202309141235/tools/bin/../lib/gcc/arm-none-eabi/11.3.1/../../../../arm-none-eabi/lib/thumb/v7-m/nofp\libc_nano.a(libc_a-findfp.o)
 .text.stdio_exit_handler
                0x000000000800985c       0x18 C:/ST/STM32CubeIDE_1.14.0/STM32CubeIDE/plugins/com.st.stm32cube.ide.mcu.externaltools.gnu-tools-for-stm32.11.3.rel1.win32_1.1.100.202309141235/tools/bin/../lib/gcc/arm-none-eabi/11.3.1/../../../../arm-none-eabi/lib/thumb/v7-m/nofp\libc_nano.a(libc_a-findfp.o)
 .text.cleanup_stdio
                0x0000000008009874       0x40 C:/ST/STM32CubeIDE_1.14.0/STM32CubeIDE/plugins/com.st.stm32cube.ide.mcu.externaltools.gnu-tools-for-stm32.11.3.rel1.win32_1.1.100.202309141235/tools/bin/../lib/gcc/arm-none-eabi/11.3.1/../../../../arm-none-eabi/lib/thumb/v7-m/nofp\libc_nano.a(libc_a-findfp.o)
 .text.global_stdio_init.part.0
                0x00000000080098b4       0x3c C:/ST/STM32CubeIDE_1.14.0/STM32CubeIDE/plugins/com.st.stm32cube.ide.mcu.externaltools.gnu-tools-for-stm32.11.3.rel1.win32_1.1.100.202309141235/tools/bin/../lib/gcc/arm-none-eabi/11.3.1/../../../../arm-none-eabi/lib/thumb/v7-m/nofp\libc_nano.a(libc_a-findfp.o)
 .text.__sfp_lock_acquire
                0x00000000080098f0        0xc C:/ST/STM32CubeIDE_1.14.0/STM32CubeIDE/plugins/com.st.stm32cube.ide.mcu.externaltools.gnu-tools-for-stm32.11.3.rel1.win32_1.1.100.202309141235/tools/bin/../lib/gcc/arm-none-eabi/11.3.1/../../../../arm-none-eabi/lib/thumb/v7-m/nofp\libc_nano.a(libc_a-findfp.o)
                0x00000000080098f0                __sfp_lock_acquire
 .text.__sfp_lock_release
                0x00000000080098fc        0xc C:/ST/STM32CubeIDE_1.14.0/STM32CubeIDE/plugins/com.st.stm32cube.ide.mcu.externaltools.gnu-tools-for-stm32.11.3.rel1.win32_1.1.100.202309141235/tools/bin/../lib/gcc/arm-none-eabi/11.3.1/../../../../arm-none-eabi/lib/thumb/v7-m/nofp\libc_nano.a(libc_a-findfp.o)
                0x00000000080098fc                __sfp_lock_release
 .text.__sinit  0x0000000008009908       0x30 C:/ST/STM32CubeIDE_1.14.0/STM32CubeIDE/plugins/com.st.stm32cube.ide.mcu.externaltools.gnu-tools-for-stm32.11.3.rel1.win32_1.1.100.202309141235/tools/bin/../lib/gcc/arm-none-eabi/11.3.1/../../../../arm-none-eabi/lib/thumb/v7-m/nofp\libc_nano.a(libc_a-findfp.o)
                0x0000000008009908                __sinit
 .text._fwalk_sglue
                0x0000000008009938       0x3c C:/ST/STM32CubeIDE_1.14.0/STM32CubeIDE/plugins/com.st.stm32cube.ide.mcu.externaltools.gnu-tools-for-stm32.11.3.rel1.win32_1.1.100.202309141235/tools/bin/../lib/gcc/arm-none-eabi/11.3.1/../../../../arm-none-eabi/lib/thumb/v7-m/nofp\libc_nano.a(libc_a-fwalk.o)
                0x0000000008009938                _fwalk_sglue
 .text.printf   0x0000000008009974       0x24 C:/ST/STM32CubeIDE_1.14.0/STM32CubeIDE/plugins/com.st.stm32cube.ide.mcu.externaltools.gnu-tools-for-stm32.11.3.rel1.win32_1.1.100.202309141235/tools/bin/../lib/gcc/arm-none-eabi/11.3.1/../../../../arm-none-eabi/lib/thumb/v7-m/nofp\libc_nano.a(libc_a-printf.o)
                0x0000000008009974                iprintf
                0x0000000008009974                printf
 .text._puts_r  0x0000000008009998       0xa8 C:/ST/STM32CubeIDE_1.14.0/STM32CubeIDE/plugins/com.st.stm32cube.ide.mcu.externaltools.gnu-tools-for-stm32.11.3.rel1.win32_1.1.100.202309141235/tools/bin/../lib/gcc/arm-none-eabi/11.3.1/../../../../arm-none-eabi/lib/thumb/v7-m/nofp\libc_nano.a(libc_a-puts.o)
                0x0000000008009998                _puts_r
 .text.puts     0x0000000008009a40       0x10 C:/ST/STM32CubeIDE_1.14.0/STM32CubeIDE/plugins/com.st.stm32cube.ide.mcu.externaltools.gnu-tools-for-stm32.11.3.rel1.win32_1.1.100.202309141235/tools/bin/../lib/gcc/arm-none-eabi/11.3.1/../../../../arm-none-eabi/lib/thumb/v7-m/nofp\libc_nano.a(libc_a-puts.o)
                0x0000000008009a40                puts
 .text.sprintf  0x0000000008009a50       0x40 C:/ST/STM32CubeIDE_1.14.0/STM32CubeIDE/plugins/com.st.stm32cube.ide.mcu.externaltools.gnu-tools-for-stm32.11.3.rel1.win32_1.1.100.202309141235/tools/bin/../lib/gcc/arm-none-eabi/11.3.1/../../../../arm-none-eabi/lib/thumb/v7-m/nofp\libc_nano.a(libc_a-sprintf.o)
                0x0000000008009a50                siprintf
                0x0000000008009a50                sprintf
 .text.__sread  0x0000000008009a90       0x22 C:/ST/STM32CubeIDE_1.14.0/STM32CubeIDE/plugins/com.st.stm32cube.ide.mcu.externaltools.gnu-tools-for-stm32.11.3.rel1.win32_1.1.100.202309141235/tools/bin/../lib/gcc/arm-none-eabi/11.3.1/../../../../arm-none-eabi/lib/thumb/v7-m/nofp\libc_nano.a(libc_a-stdio.o)
                0x0000000008009a90                __sread
 .text.__swrite
                0x0000000008009ab2       0x38 C:/ST/STM32CubeIDE_1.14.0/STM32CubeIDE/plugins/com.st.stm32cube.ide.mcu.externaltools.gnu-tools-for-stm32.11.3.rel1.win32_1.1.100.202309141235/tools/bin/../lib/gcc/arm-none-eabi/11.3.1/../../../../arm-none-eabi/lib/thumb/v7-m/nofp\libc_nano.a(libc_a-stdio.o)
                0x0000000008009ab2                __swrite
 .text.__sseek  0x0000000008009aea       0x24 C:/ST/STM32CubeIDE_1.14.0/STM32CubeIDE/plugins/com.st.stm32cube.ide.mcu.externaltools.gnu-tools-for-stm32.11.3.rel1.win32_1.1.100.202309141235/tools/bin/../lib/gcc/arm-none-eabi/11.3.1/../../../../arm-none-eabi/lib/thumb/v7-m/nofp\libc_nano.a(libc_a-stdio.o)
                0x0000000008009aea                __sseek
 .text.__sclose
                0x0000000008009b0e        0x8 C:/ST/STM32CubeIDE_1.14.0/STM32CubeIDE/plugins/com.st.stm32cube.ide.mcu.externaltools.gnu-tools-for-stm32.11.3.rel1.win32_1.1.100.202309141235/tools/bin/../lib/gcc/arm-none-eabi/11.3.1/../../../../arm-none-eabi/lib/thumb/v7-m/nofp\libc_nano.a(libc_a-stdio.o)
                0x0000000008009b0e                __sclose
 .text.__swbuf_r
                0x0000000008009b16       0x7a C:/ST/STM32CubeIDE_1.14.0/STM32CubeIDE/plugins/com.st.stm32cube.ide.mcu.externaltools.gnu-tools-for-stm32.11.3.rel1.win32_1.1.100.202309141235/tools/bin/../lib/gcc/arm-none-eabi/11.3.1/../../../../arm-none-eabi/lib/thumb/v7-m/nofp\libc_nano.a(libc_a-wbuf.o)
                0x0000000008009b16                __swbuf_r
 .text.__swsetup_r
                0x0000000008009b90       0xb0 C:/ST/STM32CubeIDE_1.14.0/STM32CubeIDE/plugins/com.st.stm32cube.ide.mcu.externaltools.gnu-tools-for-stm32.11.3.rel1.win32_1.1.100.202309141235/tools/bin/../lib/gcc/arm-none-eabi/11.3.1/../../../../arm-none-eabi/lib/thumb/v7-m/nofp\libc_nano.a(libc_a-wsetup.o)
                0x0000000008009b90                __swsetup_r
 .text.memcmp   0x0000000008009c40       0x20 C:/ST/STM32CubeIDE_1.14.0/STM32CubeIDE/plugins/com.st.stm32cube.ide.mcu.externaltools.gnu-tools-for-stm32.11.3.rel1.win32_1.1.100.202309141235/tools/bin/../lib/gcc/arm-none-eabi/11.3.1/../../../../arm-none-eabi/lib/thumb/v7-m/nofp\libc_nano.a(libc_a-memcmp.o)
                0x0000000008009c40                memcmp
 .text.memset   0x0000000008009c60       0x10 C:/ST/STM32CubeIDE_1.14.0/STM32CubeIDE/plugins/com.st.stm32cube.ide.mcu.externaltools.gnu-tools-for-stm32.11.3.rel1.win32_1.1.100.202309141235/tools/bin/../lib/gcc/arm-none-eabi/11.3.1/../../../../arm-none-eabi/lib/thumb/v7-m/nofp\libc_nano.a(libc_a-memset.o)
                0x0000000008009c60                memset
 .text._localeconv_r
                0x0000000008009c70        0x8 C:/ST/STM32CubeIDE_1.14.0/STM32CubeIDE/plugins/com.st.stm32cube.ide.mcu.externaltools.gnu-tools-for-stm32.11.3.rel1.win32_1.1.100.202309141235/tools/bin/../lib/gcc/arm-none-eabi/11.3.1/../../../../arm-none-eabi/lib/thumb/v7-m/nofp\libc_nano.a(libc_a-localeconv.o)
                0x0000000008009c70                _localeconv_r
 .text._close_r
                0x0000000008009c78       0x20 C:/ST/STM32CubeIDE_1.14.0/STM32CubeIDE/plugins/com.st.stm32cube.ide.mcu.externaltools.gnu-tools-for-stm32.11.3.rel1.win32_1.1.100.202309141235/tools/bin/../lib/gcc/arm-none-eabi/11.3.1/../../../../arm-none-eabi/lib/thumb/v7-m/nofp\libc_nano.a(libc_a-closer.o)
                0x0000000008009c78                _close_r
 .text._lseek_r
                0x0000000008009c98       0x24 C:/ST/STM32CubeIDE_1.14.0/STM32CubeIDE/plugins/com.st.stm32cube.ide.mcu.externaltools.gnu-tools-for-stm32.11.3.rel1.win32_1.1.100.202309141235/tools/bin/../lib/gcc/arm-none-eabi/11.3.1/../../../../arm-none-eabi/lib/thumb/v7-m/nofp\libc_nano.a(libc_a-lseekr.o)
                0x0000000008009c98                _lseek_r
 .text._read_r  0x0000000008009cbc       0x24 C:/ST/STM32CubeIDE_1.14.0/STM32CubeIDE/plugins/com.st.stm32cube.ide.mcu.externaltools.gnu-tools-for-stm32.11.3.rel1.win32_1.1.100.202309141235/tools/bin/../lib/gcc/arm-none-eabi/11.3.1/../../../../arm-none-eabi/lib/thumb/v7-m/nofp\libc_nano.a(libc_a-readr.o)
                0x0000000008009cbc                _read_r
 .text._write_r
                0x0000000008009ce0       0x24 C:/ST/STM32CubeIDE_1.14.0/STM32CubeIDE/plugins/com.st.stm32cube.ide.mcu.externaltools.gnu-tools-for-stm32.11.3.rel1.win32_1.1.100.202309141235/tools/bin/../lib/gcc/arm-none-eabi/11.3.1/../../../../arm-none-eabi/lib/thumb/v7-m/nofp\libc_nano.a(libc_a-writer.o)
                0x0000000008009ce0                _write_r
 .text.__errno  0x0000000008009d04        0xc C:/ST/STM32CubeIDE_1.14.0/STM32CubeIDE/plugins/com.st.stm32cube.ide.mcu.externaltools.gnu-tools-for-stm32.11.3.rel1.win32_1.1.100.202309141235/tools/bin/../lib/gcc/arm-none-eabi/11.3.1/../../../../arm-none-eabi/lib/thumb/v7-m/nofp\libc_nano.a(libc_a-errno.o)
                0x0000000008009d04                __errno
 .text.__libc_init_array
                0x0000000008009d10       0x48 C:/ST/STM32CubeIDE_1.14.0/STM32CubeIDE/plugins/com.st.stm32cube.ide.mcu.externaltools.gnu-tools-for-stm32.11.3.rel1.win32_1.1.100.202309141235/tools/bin/../lib/gcc/arm-none-eabi/11.3.1/../../../../arm-none-eabi/lib/thumb/v7-m/nofp\libc_nano.a(libc_a-init.o)
                0x0000000008009d10                __libc_init_array
 .text.__retarget_lock_init_recursive
                0x0000000008009d58        0x2 C:/ST/STM32CubeIDE_1.14.0/STM32CubeIDE/plugins/com.st.stm32cube.ide.mcu.externaltools.gnu-tools-for-stm32.11.3.rel1.win32_1.1.100.202309141235/tools/bin/../lib/gcc/arm-none-eabi/11.3.1/../../../../arm-none-eabi/lib/thumb/v7-m/nofp\libc_nano.a(libc_a-lock.o)
                0x0000000008009d58                __retarget_lock_init_recursive
 .text.__retarget_lock_acquire_recursive
                0x0000000008009d5a        0x2 C:/ST/STM32CubeIDE_1.14.0/STM32CubeIDE/plugins/com.st.stm32cube.ide.mcu.externaltools.gnu-tools-for-stm32.11.3.rel1.win32_1.1.100.202309141235/tools/bin/../lib/gcc/arm-none-eabi/11.3.1/../../../../arm-none-eabi/lib/thumb/v7-m/nofp\libc_nano.a(libc_a-lock.o)
                0x0000000008009d5a                __retarget_lock_acquire_recursive
 .text.__retarget_lock_release_recursive
                0x0000000008009d5c        0x2 C:/ST/STM32CubeIDE_1.14.0/STM32CubeIDE/plugins/com.st.stm32cube.ide.mcu.externaltools.gnu-tools-for-stm32.11.3.rel1.win32_1.1.100.202309141235/tools/bin/../lib/gcc/arm-none-eabi/11.3.1/../../../../arm-none-eabi/lib/thumb/v7-m/nofp\libc_nano.a(libc_a-lock.o)
                0x0000000008009d5c                __retarget_lock_release_recursive
 .text.memchr   0x0000000008009d5e       0x1c C:/ST/STM32CubeIDE_1.14.0/STM32CubeIDE/plugins/com.st.stm32cube.ide.mcu.externaltools.gnu-tools-for-stm32.11.3.rel1.win32_1.1.100.202309141235/tools/bin/../lib/gcc/arm-none-eabi/11.3.1/../../../../arm-none-eabi/lib/thumb/v7-m/nofp\libc_nano.a(libc_a-memchr-stub.o)
                0x0000000008009d5e                memchr
 .text.quorem   0x0000000008009d7a      0x112 C:/ST/STM32CubeIDE_1.14.0/STM32CubeIDE/plugins/com.st.stm32cube.ide.mcu.externaltools.gnu-tools-for-stm32.11.3.rel1.win32_1.1.100.202309141235/tools/bin/../lib/gcc/arm-none-eabi/11.3.1/../../../../arm-none-eabi/lib/thumb/v7-m/nofp\libc_nano.a(libc_a-dtoa.o)
 *fill*         0x0000000008009e8c        0x4 
 .text._dtoa_r  0x0000000008009e90      0xbc8 C:/ST/STM32CubeIDE_1.14.0/STM32CubeIDE/plugins/com.st.stm32cube.ide.mcu.externaltools.gnu-tools-for-stm32.11.3.rel1.win32_1.1.100.202309141235/tools/bin/../lib/gcc/arm-none-eabi/11.3.1/../../../../arm-none-eabi/lib/thumb/v7-m/nofp\libc_nano.a(libc_a-dtoa.o)
                0x0000000008009e90                _dtoa_r
 .text._free_r  0x000000000800aa58       0x90 C:/ST/STM32CubeIDE_1.14.0/STM32CubeIDE/plugins/com.st.stm32cube.ide.mcu.externaltools.gnu-tools-for-stm32.11.3.rel1.win32_1.1.100.202309141235/tools/bin/../lib/gcc/arm-none-eabi/11.3.1/../../../../arm-none-eabi/lib/thumb/v7-m/nofp\libc_nano.a(libc_a-freer.o)
                0x000000000800aa58                _free_r
 .text.malloc   0x000000000800aae8       0x10 C:/ST/STM32CubeIDE_1.14.0/STM32CubeIDE/plugins/com.st.stm32cube.ide.mcu.externaltools.gnu-tools-for-stm32.11.3.rel1.win32_1.1.100.202309141235/tools/bin/../lib/gcc/arm-none-eabi/11.3.1/../../../../arm-none-eabi/lib/thumb/v7-m/nofp\libc_nano.a(libc_a-malloc.o)
                0x000000000800aae8                malloc
 .text.sbrk_aligned
                0x000000000800aaf8       0x40 C:/ST/STM32CubeIDE_1.14.0/STM32CubeIDE/plugins/com.st.stm32cube.ide.mcu.externaltools.gnu-tools-for-stm32.11.3.rel1.win32_1.1.100.202309141235/tools/bin/../lib/gcc/arm-none-eabi/11.3.1/../../../../arm-none-eabi/lib/thumb/v7-m/nofp\libc_nano.a(libc_a-mallocr.o)
 .text._malloc_r
                0x000000000800ab38      0x100 C:/ST/STM32CubeIDE_1.14.0/STM32CubeIDE/plugins/com.st.stm32cube.ide.mcu.externaltools.gnu-tools-for-stm32.11.3.rel1.win32_1.1.100.202309141235/tools/bin/../lib/gcc/arm-none-eabi/11.3.1/../../../../arm-none-eabi/lib/thumb/v7-m/nofp\libc_nano.a(libc_a-mallocr.o)
                0x000000000800ab38                _malloc_r
 .text.__malloc_lock
                0x000000000800ac38        0xc C:/ST/STM32CubeIDE_1.14.0/STM32CubeIDE/plugins/com.st.stm32cube.ide.mcu.externaltools.gnu-tools-for-stm32.11.3.rel1.win32_1.1.100.202309141235/tools/bin/../lib/gcc/arm-none-eabi/11.3.1/../../../../arm-none-eabi/lib/thumb/v7-m/nofp\libc_nano.a(libc_a-mlock.o)
                0x000000000800ac38                __malloc_lock
 .text.__malloc_unlock
                0x000000000800ac44        0xc C:/ST/STM32CubeIDE_1.14.0/STM32CubeIDE/plugins/com.st.stm32cube.ide.mcu.externaltools.gnu-tools-for-stm32.11.3.rel1.win32_1.1.100.202309141235/tools/bin/../lib/gcc/arm-none-eabi/11.3.1/../../../../arm-none-eabi/lib/thumb/v7-m/nofp\libc_nano.a(libc_a-mlock.o)
                0x000000000800ac44                __malloc_unlock
 .text._Balloc  0x000000000800ac50       0x80 C:/ST/STM32CubeIDE_1.14.0/STM32CubeIDE/plugins/com.st.stm32cube.ide.mcu.externaltools.gnu-tools-for-stm32.11.3.rel1.win32_1.1.100.202309141235/tools/bin/../lib/gcc/arm-none-eabi/11.3.1/../../../../arm-none-eabi/lib/thumb/v7-m/nofp\libc_nano.a(libc_a-mprec.o)
                0x000000000800ac50                _Balloc
 .text._Bfree   0x000000000800acd0       0x44 C:/ST/STM32CubeIDE_1.14.0/STM32CubeIDE/plugins/com.st.stm32cube.ide.mcu.externaltools.gnu-tools-for-stm32.11.3.rel1.win32_1.1.100.202309141235/tools/bin/../lib/gcc/arm-none-eabi/11.3.1/../../../../arm-none-eabi/lib/thumb/v7-m/nofp\libc_nano.a(libc_a-mprec.o)
                0x000000000800acd0                _Bfree
 .text.__multadd
                0x000000000800ad14       0x8c C:/ST/STM32CubeIDE_1.14.0/STM32CubeIDE/plugins/com.st.stm32cube.ide.mcu.externaltools.gnu-tools-for-stm32.11.3.rel1.win32_1.1.100.202309141235/tools/bin/../lib/gcc/arm-none-eabi/11.3.1/../../../../arm-none-eabi/lib/thumb/v7-m/nofp\libc_nano.a(libc_a-mprec.o)
                0x000000000800ad14                __multadd
 .text.__hi0bits
                0x000000000800ada0       0x40 C:/ST/STM32CubeIDE_1.14.0/STM32CubeIDE/plugins/com.st.stm32cube.ide.mcu.externaltools.gnu-tools-for-stm32.11.3.rel1.win32_1.1.100.202309141235/tools/bin/../lib/gcc/arm-none-eabi/11.3.1/../../../../arm-none-eabi/lib/thumb/v7-m/nofp\libc_nano.a(libc_a-mprec.o)
                0x000000000800ada0                __hi0bits
 .text.__lo0bits
                0x000000000800ade0       0x5a C:/ST/STM32CubeIDE_1.14.0/STM32CubeIDE/plugins/com.st.stm32cube.ide.mcu.externaltools.gnu-tools-for-stm32.11.3.rel1.win32_1.1.100.202309141235/tools/bin/../lib/gcc/arm-none-eabi/11.3.1/../../../../arm-none-eabi/lib/thumb/v7-m/nofp\libc_nano.a(libc_a-mprec.o)
                0x000000000800ade0                __lo0bits
 *fill*         0x000000000800ae3a        0x2 
 .text.__i2b    0x000000000800ae3c       0x2c C:/ST/STM32CubeIDE_1.14.0/STM32CubeIDE/plugins/com.st.stm32cube.ide.mcu.externaltools.gnu-tools-for-stm32.11.3.rel1.win32_1.1.100.202309141235/tools/bin/../lib/gcc/arm-none-eabi/11.3.1/../../../../arm-none-eabi/lib/thumb/v7-m/nofp\libc_nano.a(libc_a-mprec.o)
                0x000000000800ae3c                __i2b
 .text.__multiply
                0x000000000800ae68      0x150 C:/ST/STM32CubeIDE_1.14.0/STM32CubeIDE/plugins/com.st.stm32cube.ide.mcu.externaltools.gnu-tools-for-stm32.11.3.rel1.win32_1.1.100.202309141235/tools/bin/../lib/gcc/arm-none-eabi/11.3.1/../../../../arm-none-eabi/lib/thumb/v7-m/nofp\libc_nano.a(libc_a-mprec.o)
                0x000000000800ae68                __multiply
 .text.__pow5mult
                0x000000000800afb8       0xb4 C:/ST/STM32CubeIDE_1.14.0/STM32CubeIDE/plugins/com.st.stm32cube.ide.mcu.externaltools.gnu-tools-for-stm32.11.3.rel1.win32_1.1.100.202309141235/tools/bin/../lib/gcc/arm-none-eabi/11.3.1/../../../../arm-none-eabi/lib/thumb/v7-m/nofp\libc_nano.a(libc_a-mprec.o)
                0x000000000800afb8                __pow5mult
 .text.__lshift
                0x000000000800b06c       0xd8 C:/ST/STM32CubeIDE_1.14.0/STM32CubeIDE/plugins/com.st.stm32cube.ide.mcu.externaltools.gnu-tools-for-stm32.11.3.rel1.win32_1.1.100.202309141235/tools/bin/../lib/gcc/arm-none-eabi/11.3.1/../../../../arm-none-eabi/lib/thumb/v7-m/nofp\libc_nano.a(libc_a-mprec.o)
                0x000000000800b06c                __lshift
 .text.__mcmp   0x000000000800b144       0x36 C:/ST/STM32CubeIDE_1.14.0/STM32CubeIDE/plugins/com.st.stm32cube.ide.mcu.externaltools.gnu-tools-for-stm32.11.3.rel1.win32_1.1.100.202309141235/tools/bin/../lib/gcc/arm-none-eabi/11.3.1/../../../../arm-none-eabi/lib/thumb/v7-m/nofp\libc_nano.a(libc_a-mprec.o)
                0x000000000800b144                __mcmp
 *fill*         0x000000000800b17a        0x2 
 .text.__mdiff  0x000000000800b17c      0x118 C:/ST/STM32CubeIDE_1.14.0/STM32CubeIDE/plugins/com.st.stm32cube.ide.mcu.externaltools.gnu-tools-for-stm32.11.3.rel1.win32_1.1.100.202309141235/tools/bin/../lib/gcc/arm-none-eabi/11.3.1/../../../../arm-none-eabi/lib/thumb/v7-m/nofp\libc_nano.a(libc_a-mprec.o)
                0x000000000800b17c                __mdiff
 .text.__d2b    0x000000000800b294       0xac C:/ST/STM32CubeIDE_1.14.0/STM32CubeIDE/plugins/com.st.stm32cube.ide.mcu.externaltools.gnu-tools-for-stm32.11.3.rel1.win32_1.1.100.202309141235/tools/bin/../lib/gcc/arm-none-eabi/11.3.1/../../../../arm-none-eabi/lib/thumb/v7-m/nofp\libc_nano.a(libc_a-mprec.o)
                0x000000000800b294                __d2b
 .text.__ssputs_r
                0x000000000800b340       0xb4 C:/ST/STM32CubeIDE_1.14.0/STM32CubeIDE/plugins/com.st.stm32cube.ide.mcu.externaltools.gnu-tools-for-stm32.11.3.rel1.win32_1.1.100.202309141235/tools/bin/../lib/gcc/arm-none-eabi/11.3.1/../../../../arm-none-eabi/lib/thumb/v7-m/nofp\libc_nano.a(libc_a-nano-svfprintf.o)
                0x000000000800b340                __ssputs_r
 .text._svfprintf_r
                0x000000000800b3f4      0x1fc C:/ST/STM32CubeIDE_1.14.0/STM32CubeIDE/plugins/com.st.stm32cube.ide.mcu.externaltools.gnu-tools-for-stm32.11.3.rel1.win32_1.1.100.202309141235/tools/bin/../lib/gcc/arm-none-eabi/11.3.1/../../../../arm-none-eabi/lib/thumb/v7-m/nofp\libc_nano.a(libc_a-nano-svfprintf.o)
                0x000000000800b3f4                _svfiprintf_r
                0x000000000800b3f4                _svfprintf_r
 .text.__sfputc_r
                0x000000000800b5f0       0x2a C:/ST/STM32CubeIDE_1.14.0/STM32CubeIDE/plugins/com.st.stm32cube.ide.mcu.externaltools.gnu-tools-for-stm32.11.3.rel1.win32_1.1.100.202309141235/tools/bin/../lib/gcc/arm-none-eabi/11.3.1/../../../../arm-none-eabi/lib/thumb/v7-m/nofp\libc_nano.a(libc_a-nano-vfprintf.o)
 .text.__sfputs_r
                0x000000000800b61a       0x24 C:/ST/STM32CubeIDE_1.14.0/STM32CubeIDE/plugins/com.st.stm32cube.ide.mcu.externaltools.gnu-tools-for-stm32.11.3.rel1.win32_1.1.100.202309141235/tools/bin/../lib/gcc/arm-none-eabi/11.3.1/../../../../arm-none-eabi/lib/thumb/v7-m/nofp\libc_nano.a(libc_a-nano-vfprintf.o)
                0x000000000800b61a                __sfputs_r
 *fill*         0x000000000800b63e        0x2 
 .text._vfprintf_r
                0x000000000800b640      0x234 C:/ST/STM32CubeIDE_1.14.0/STM32CubeIDE/plugins/com.st.stm32cube.ide.mcu.externaltools.gnu-tools-for-stm32.11.3.rel1.win32_1.1.100.202309141235/tools/bin/../lib/gcc/arm-none-eabi/11.3.1/../../../../arm-none-eabi/lib/thumb/v7-m/nofp\libc_nano.a(libc_a-nano-vfprintf.o)
                0x000000000800b640                _vfprintf_r
                0x000000000800b640                _vfiprintf_r
 .text.__sflush_r
                0x000000000800b874      0x104 C:/ST/STM32CubeIDE_1.14.0/STM32CubeIDE/plugins/com.st.stm32cube.ide.mcu.externaltools.gnu-tools-for-stm32.11.3.rel1.win32_1.1.100.202309141235/tools/bin/../lib/gcc/arm-none-eabi/11.3.1/../../../../arm-none-eabi/lib/thumb/v7-m/nofp\libc_nano.a(libc_a-fflush.o)
                0x000000000800b874                __sflush_r
 .text._fflush_r
                0x000000000800b978       0x50 C:/ST/STM32CubeIDE_1.14.0/STM32CubeIDE/plugins/com.st.stm32cube.ide.mcu.externaltools.gnu-tools-for-stm32.11.3.rel1.win32_1.1.100.202309141235/tools/bin/../lib/gcc/arm-none-eabi/11.3.1/../../../../arm-none-eabi/lib/thumb/v7-m/nofp\libc_nano.a(libc_a-fflush.o)
                0x000000000800b978                _fflush_r
 .text.__swhatbuf_r
                0x000000000800b9c8       0x4a C:/ST/STM32CubeIDE_1.14.0/STM32CubeIDE/plugins/com.st.stm32cube.ide.mcu.externaltools.gnu-tools-for-stm32.11.3.rel1.win32_1.1.100.202309141235/tools/bin/../lib/gcc/arm-none-eabi/11.3.1/../../../../arm-none-eabi/lib/thumb/v7-m/nofp\libc_nano.a(libc_a-makebuf.o)
                0x000000000800b9c8                __swhatbuf_r
 .text.__smakebuf_r
                0x000000000800ba12       0x78 C:/ST/STM32CubeIDE_1.14.0/STM32CubeIDE/plugins/com.st.stm32cube.ide.mcu.externaltools.gnu-tools-for-stm32.11.3.rel1.win32_1.1.100.202309141235/tools/bin/../lib/gcc/arm-none-eabi/11.3.1/../../../../arm-none-eabi/lib/thumb/v7-m/nofp\libc_nano.a(libc_a-makebuf.o)
                0x000000000800ba12                __smakebuf_r
 .text.memmove  0x000000000800ba8a       0x34 C:/ST/STM32CubeIDE_1.14.0/STM32CubeIDE/plugins/com.st.stm32cube.ide.mcu.externaltools.gnu-tools-for-stm32.11.3.rel1.win32_1.1.100.202309141235/tools/bin/../lib/gcc/arm-none-eabi/11.3.1/../../../../arm-none-eabi/lib/thumb/v7-m/nofp\libc_nano.a(libc_a-memmove.o)
                0x000000000800ba8a                memmove
 *fill*         0x000000000800babe        0x2 
 .text._fstat_r
                0x000000000800bac0       0x24 C:/ST/STM32CubeIDE_1.14.0/STM32CubeIDE/plugins/com.st.stm32cube.ide.mcu.externaltools.gnu-tools-for-stm32.11.3.rel1.win32_1.1.100.202309141235/tools/bin/../lib/gcc/arm-none-eabi/11.3.1/../../../../arm-none-eabi/lib/thumb/v7-m/nofp\libc_nano.a(libc_a-fstatr.o)
                0x000000000800bac0                _fstat_r
 .text._isatty_r
                0x000000000800bae4       0x20 C:/ST/STM32CubeIDE_1.14.0/STM32CubeIDE/plugins/com.st.stm32cube.ide.mcu.externaltools.gnu-tools-for-stm32.11.3.rel1.win32_1.1.100.202309141235/tools/bin/../lib/gcc/arm-none-eabi/11.3.1/../../../../arm-none-eabi/lib/thumb/v7-m/nofp\libc_nano.a(libc_a-isattyr.o)
                0x000000000800bae4                _isatty_r
 .text._sbrk_r  0x000000000800bb04       0x20 C:/ST/STM32CubeIDE_1.14.0/STM32CubeIDE/plugins/com.st.stm32cube.ide.mcu.externaltools.gnu-tools-for-stm32.11.3.rel1.win32_1.1.100.202309141235/tools/bin/../lib/gcc/arm-none-eabi/11.3.1/../../../../arm-none-eabi/lib/thumb/v7-m/nofp\libc_nano.a(libc_a-sbrkr.o)
                0x000000000800bb04                _sbrk_r
 .text.memcpy   0x000000000800bb24       0x1c C:/ST/STM32CubeIDE_1.14.0/STM32CubeIDE/plugins/com.st.stm32cube.ide.mcu.externaltools.gnu-tools-for-stm32.11.3.rel1.win32_1.1.100.202309141235/tools/bin/../lib/gcc/arm-none-eabi/11.3.1/../../../../arm-none-eabi/lib/thumb/v7-m/nofp\libc_nano.a(libc_a-memcpy-stub.o)
                0x000000000800bb24                memcpy
 .text.__assert_func
                0x000000000800bb40       0x3c C:/ST/STM32CubeIDE_1.14.0/STM32CubeIDE/plugins/com.st.stm32cube.ide.mcu.externaltools.gnu-tools-for-stm32.11.3.rel1.win32_1.1.100.202309141235/tools/bin/../lib/gcc/arm-none-eabi/11.3.1/../../../../arm-none-eabi/lib/thumb/v7-m/nofp\libc_nano.a(libc_a-assert.o)
                0x000000000800bb40                __assert_func
 .text._calloc_r
                0x000000000800bb7c       0x28 C:/ST/STM32CubeIDE_1.14.0/STM32CubeIDE/plugins/com.st.stm32cube.ide.mcu.externaltools.gnu-tools-for-stm32.11.3.rel1.win32_1.1.100.202309141235/tools/bin/../lib/gcc/arm-none-eabi/11.3.1/../../../../arm-none-eabi/lib/thumb/v7-m/nofp\libc_nano.a(libc_a-callocr.o)
                0x000000000800bb7c                _calloc_r
 .text.__ascii_mbtowc
                0x000000000800bba4       0x24 C:/ST/STM32CubeIDE_1.14.0/STM32CubeIDE/plugins/com.st.stm32cube.ide.mcu.externaltools.gnu-tools-for-stm32.11.3.rel1.win32_1.1.100.202309141235/tools/bin/../lib/gcc/arm-none-eabi/11.3.1/../../../../arm-none-eabi/lib/thumb/v7-m/nofp\libc_nano.a(libc_a-mbtowc_r.o)
                0x000000000800bba4                __ascii_mbtowc
 .text._realloc_r
                0x000000000800bbc8       0x5e C:/ST/STM32CubeIDE_1.14.0/STM32CubeIDE/plugins/com.st.stm32cube.ide.mcu.externaltools.gnu-tools-for-stm32.11.3.rel1.win32_1.1.100.202309141235/tools/bin/../lib/gcc/arm-none-eabi/11.3.1/../../../../arm-none-eabi/lib/thumb/v7-m/nofp\libc_nano.a(libc_a-reallocr.o)
                0x000000000800bbc8                _realloc_r
 .text.__ascii_wctomb
                0x000000000800bc26       0x1a C:/ST/STM32CubeIDE_1.14.0/STM32CubeIDE/plugins/com.st.stm32cube.ide.mcu.externaltools.gnu-tools-for-stm32.11.3.rel1.win32_1.1.100.202309141235/tools/bin/../lib/gcc/arm-none-eabi/11.3.1/../../../../arm-none-eabi/lib/thumb/v7-m/nofp\libc_nano.a(libc_a-wctomb_r.o)
                0x000000000800bc26                __ascii_wctomb
 .text.fprintf  0x000000000800bc40       0x24 C:/ST/STM32CubeIDE_1.14.0/STM32CubeIDE/plugins/com.st.stm32cube.ide.mcu.externaltools.gnu-tools-for-stm32.11.3.rel1.win32_1.1.100.202309141235/tools/bin/../lib/gcc/arm-none-eabi/11.3.1/../../../../arm-none-eabi/lib/thumb/v7-m/nofp\libc_nano.a(libc_a-fprintf.o)
                0x000000000800bc40                fiprintf
                0x000000000800bc40                fprintf
 .text.abort    0x000000000800bc64        0xe C:/ST/STM32CubeIDE_1.14.0/STM32CubeIDE/plugins/com.st.stm32cube.ide.mcu.externaltools.gnu-tools-for-stm32.11.3.rel1.win32_1.1.100.202309141235/tools/bin/../lib/gcc/arm-none-eabi/11.3.1/../../../../arm-none-eabi/lib/thumb/v7-m/nofp\libc_nano.a(libc_a-abort.o)
                0x000000000800bc64                abort
 .text._malloc_usable_size_r
                0x000000000800bc72       0x10 C:/ST/STM32CubeIDE_1.14.0/STM32CubeIDE/plugins/com.st.stm32cube.ide.mcu.externaltools.gnu-tools-for-stm32.11.3.rel1.win32_1.1.100.202309141235/tools/bin/../lib/gcc/arm-none-eabi/11.3.1/../../../../arm-none-eabi/lib/thumb/v7-m/nofp\libc_nano.a(libc_a-msizer.o)
                0x000000000800bc72                _malloc_usable_size_r
 .text._raise_r
                0x000000000800bc82       0x50 C:/ST/STM32CubeIDE_1.14.0/STM32CubeIDE/plugins/com.st.stm32cube.ide.mcu.externaltools.gnu-tools-for-stm32.11.3.rel1.win32_1.1.100.202309141235/tools/bin/../lib/gcc/arm-none-eabi/11.3.1/../../../../arm-none-eabi/lib/thumb/v7-m/nofp\libc_nano.a(libc_a-signal.o)
                0x000000000800bc82                _raise_r
 *fill*         0x000000000800bcd2        0x2 
 .text.raise    0x000000000800bcd4       0x10 C:/ST/STM32CubeIDE_1.14.0/STM32CubeIDE/plugins/com.st.stm32cube.ide.mcu.externaltools.gnu-tools-for-stm32.11.3.rel1.win32_1.1.100.202309141235/tools/bin/../lib/gcc/arm-none-eabi/11.3.1/../../../../arm-none-eabi/lib/thumb/v7-m/nofp\libc_nano.a(libc_a-signal.o)
                0x000000000800bcd4                raise
 .text._kill_r  0x000000000800bce4       0x24 C:/ST/STM32CubeIDE_1.14.0/STM32CubeIDE/plugins/com.st.stm32cube.ide.mcu.externaltools.gnu-tools-for-stm32.11.3.rel1.win32_1.1.100.202309141235/tools/bin/../lib/gcc/arm-none-eabi/11.3.1/../../../../arm-none-eabi/lib/thumb/v7-m/nofp\libc_nano.a(libc_a-signalr.o)
                0x000000000800bce4                _kill_r
 .text._getpid_r
                0x000000000800bd08        0x4 C:/ST/STM32CubeIDE_1.14.0/STM32CubeIDE/plugins/com.st.stm32cube.ide.mcu.externaltools.gnu-tools-for-stm32.11.3.rel1.win32_1.1.100.202309141235/tools/bin/../lib/gcc/arm-none-eabi/11.3.1/../../../../arm-none-eabi/lib/thumb/v7-m/nofp\libc_nano.a(libc_a-signalr.o)
                0x000000000800bd08                _getpid_r
 .text.asin     0x000000000800bd0c       0x50 C:/ST/STM32CubeIDE_1.14.0/STM32CubeIDE/plugins/com.st.stm32cube.ide.mcu.externaltools.gnu-tools-for-stm32.11.3.rel1.win32_1.1.100.202309141235/tools/bin/../lib/gcc/arm-none-eabi/11.3.1/../../../../arm-none-eabi/lib/thumb/v7-m/nofp\libm.a(libm_a-w_asin.o)
                0x000000000800bd0c                asin
 .text.atan2    0x000000000800bd5c        0x4 C:/ST/STM32CubeIDE_1.14.0/STM32CubeIDE/plugins/com.st.stm32cube.ide.mcu.externaltools.gnu-tools-for-stm32.11.3.rel1.win32_1.1.100.202309141235/tools/bin/../lib/gcc/arm-none-eabi/11.3.1/../../../../arm-none-eabi/lib/thumb/v7-m/nofp\libm.a(libm_a-w_atan2.o)
                0x000000000800bd5c                atan2
 .text.fabs     0x000000000800bd60        0x8 C:/ST/STM32CubeIDE_1.14.0/STM32CubeIDE/plugins/com.st.stm32cube.ide.mcu.externaltools.gnu-tools-for-stm32.11.3.rel1.win32_1.1.100.202309141235/tools/bin/../lib/gcc/arm-none-eabi/11.3.1/../../../../arm-none-eabi/lib/thumb/v7-m/nofp\libm.a(libm_a-s_fabs.o)
                0x000000000800bd60                fabs
 .text.nan      0x000000000800bd68        0xc C:/ST/STM32CubeIDE_1.14.0/STM32CubeIDE/plugins/com.st.stm32cube.ide.mcu.externaltools.gnu-tools-for-stm32.11.3.rel1.win32_1.1.100.202309141235/tools/bin/../lib/gcc/arm-none-eabi/11.3.1/../../../../arm-none-eabi/lib/thumb/v7-m/nofp\libm.a(libm_a-s_nan.o)
                0x000000000800bd68                nan
 *fill*         0x000000000800bd74        0x4 
 .text.__ieee754_asin
                0x000000000800bd78      0x3f8 C:/ST/STM32CubeIDE_1.14.0/STM32CubeIDE/plugins/com.st.stm32cube.ide.mcu.externaltools.gnu-tools-for-stm32.11.3.rel1.win32_1.1.100.202309141235/tools/bin/../lib/gcc/arm-none-eabi/11.3.1/../../../../arm-none-eabi/lib/thumb/v7-m/nofp\libm.a(libm_a-e_asin.o)
                0x000000000800bd78                __ieee754_asin
 .text.__ieee754_atan2
                0x000000000800c170      0x19c C:/ST/STM32CubeIDE_1.14.0/STM32CubeIDE/plugins/com.st.stm32cube.ide.mcu.externaltools.gnu-tools-for-stm32.11.3.rel1.win32_1.1.100.202309141235/tools/bin/../lib/gcc/arm-none-eabi/11.3.1/../../../../arm-none-eabi/lib/thumb/v7-m/nofp\libm.a(libm_a-e_atan2.o)
                0x000000000800c170                __ieee754_atan2
 *fill*         0x000000000800c30c        0x4 
 .text.atan     0x000000000800c310      0x314 C:/ST/STM32CubeIDE_1.14.0/STM32CubeIDE/plugins/com.st.stm32cube.ide.mcu.externaltools.gnu-tools-for-stm32.11.3.rel1.win32_1.1.100.202309141235/tools/bin/../lib/gcc/arm-none-eabi/11.3.1/../../../../arm-none-eabi/lib/thumb/v7-m/nofp\libm.a(libm_a-s_atan.o)
                0x000000000800c310                atan
 .text.__ieee754_sqrt
                0x000000000800c624      0x1b0 C:/ST/STM32CubeIDE_1.14.0/STM32CubeIDE/plugins/com.st.stm32cube.ide.mcu.externaltools.gnu-tools-for-stm32.11.3.rel1.win32_1.1.100.202309141235/tools/bin/../lib/gcc/arm-none-eabi/11.3.1/../../../../arm-none-eabi/lib/thumb/v7-m/nofp\libm.a(libm_a-e_sqrt.o)
                0x000000000800c624                __ieee754_sqrt
 *(.glue_7)
 .glue_7        0x000000000800c7d4        0x0 linker stubs
 *(.glue_7t)
 .glue_7t       0x000000000800c7d4        0x0 linker stubs
 *(.eh_frame)
 .eh_frame      0x000000000800c7d4        0x0 C:/ST/STM32CubeIDE_1.14.0/STM32CubeIDE/plugins/com.st.stm32cube.ide.mcu.externaltools.gnu-tools-for-stm32.11.3.rel1.win32_1.1.100.202309141235/tools/bin/../lib/gcc/arm-none-eabi/11.3.1/thumb/v7-m/nofp/crtbegin.o
 *(.init)
 .init          0x000000000800c7d4        0x4 C:/ST/STM32CubeIDE_1.14.0/STM32CubeIDE/plugins/com.st.stm32cube.ide.mcu.externaltools.gnu-tools-for-stm32.11.3.rel1.win32_1.1.100.202309141235/tools/bin/../lib/gcc/arm-none-eabi/11.3.1/thumb/v7-m/nofp/crti.o
                0x000000000800c7d4                _init
 .init          0x000000000800c7d8        0x8 C:/ST/STM32CubeIDE_1.14.0/STM32CubeIDE/plugins/com.st.stm32cube.ide.mcu.externaltools.gnu-tools-for-stm32.11.3.rel1.win32_1.1.100.202309141235/tools/bin/../lib/gcc/arm-none-eabi/11.3.1/thumb/v7-m/nofp/crtn.o
 *(.fini)
 .fini          0x000000000800c7e0        0x4 C:/ST/STM32CubeIDE_1.14.0/STM32CubeIDE/plugins/com.st.stm32cube.ide.mcu.externaltools.gnu-tools-for-stm32.11.3.rel1.win32_1.1.100.202309141235/tools/bin/../lib/gcc/arm-none-eabi/11.3.1/thumb/v7-m/nofp/crti.o
                0x000000000800c7e0                _fini
 .fini          0x000000000800c7e4        0x8 C:/ST/STM32CubeIDE_1.14.0/STM32CubeIDE/plugins/com.st.stm32cube.ide.mcu.externaltools.gnu-tools-for-stm32.11.3.rel1.win32_1.1.100.202309141235/tools/bin/../lib/gcc/arm-none-eabi/11.3.1/thumb/v7-m/nofp/crtn.o
                0x000000000800c7ec                . = ALIGN (0x4)
                0x000000000800c7ec                _etext = .

.vfp11_veneer   0x000000000800c7ec        0x0
 .vfp11_veneer  0x000000000800c7ec        0x0 linker stubs

.v4_bx          0x000000000800c7ec        0x0
 .v4_bx         0x000000000800c7ec        0x0 linker stubs

.iplt           0x000000000800c7ec        0x0
 .iplt          0x000000000800c7ec        0x0 C:/ST/STM32CubeIDE_1.14.0/STM32CubeIDE/plugins/com.st.stm32cube.ide.mcu.externaltools.gnu-tools-for-stm32.11.3.rel1.win32_1.1.100.202309141235/tools/bin/../lib/gcc/arm-none-eabi/11.3.1/thumb/v7-m/nofp/crtbegin.o

.rodata         0x000000000800c7f0     0x1208
                0x000000000800c7f0                . = ALIGN (0x4)
 *(.rodata)
 .rodata        0x000000000800c7f0       0xad ./Core/Src/main.o
 *fill*         0x000000000800c89d        0x3 
 .rodata        0x000000000800c8a0       0xa1 ./HARDWAVE/MPU6050/eMPL/inv_mpu.o
 *fill*         0x000000000800c941        0x3 
 .rodata        0x000000000800c944       0x4b ./HARDWAVE/MPU6050/eMPL/inv_mpu_dmp_motion_driver.o
 *(.rodata*)
 *fill*         0x000000000800c98f        0x1 
 .rodata.AHBPrescTable
                0x000000000800c990       0x10 ./Core/Src/system_stm32f1xx.o
                0x000000000800c990                AHBPrescTable
 .rodata.APBPrescTable
                0x000000000800c9a0        0x8 ./Core/Src/system_stm32f1xx.o
                0x000000000800c9a0                APBPrescTable
 .rodata.aPLLMULFactorTable.1
                0x000000000800c9a8       0x10 ./Drivers/STM32F1xx_HAL_Driver/Src/stm32f1xx_hal_rcc.o
 .rodata.aPredivFactorTable.0
                0x000000000800c9b8        0x2 ./Drivers/STM32F1xx_HAL_Driver/Src/stm32f1xx_hal_rcc.o
 *fill*         0x000000000800c9ba        0x2 
 .rodata.aPLLMULFactorTable.1
                0x000000000800c9bc       0x10 ./Drivers/STM32F1xx_HAL_Driver/Src/stm32f1xx_hal_rcc_ex.o
 .rodata.aPredivFactorTable.0
                0x000000000800c9cc        0x2 ./Drivers/STM32F1xx_HAL_Driver/Src/stm32f1xx_hal_rcc_ex.o
 *fill*         0x000000000800c9ce        0x2 
 .rodata.reg    0x000000000800c9d0       0x1b ./HARDWAVE/MPU6050/eMPL/inv_mpu.o
                0x000000000800c9d0                reg
 *fill*         0x000000000800c9eb        0x1 
 .rodata.hw     0x000000000800c9ec        0xc ./HARDWAVE/MPU6050/eMPL/inv_mpu.o
                0x000000000800c9ec                hw
 .rodata.test   0x000000000800c9f8       0x28 ./HARDWAVE/MPU6050/eMPL/inv_mpu.o
                0x000000000800c9f8                test
 .rodata.dmp_memory
                0x000000000800ca20      0xbf6 ./HARDWAVE/MPU6050/eMPL/inv_mpu_dmp_motion_driver.o
 .rodata._printf_float.str1.1
                0x000000000800d616       0x12 C:/ST/STM32CubeIDE_1.14.0/STM32CubeIDE/plugins/com.st.stm32cube.ide.mcu.externaltools.gnu-tools-for-stm32.11.3.rel1.win32_1.1.100.202309141235/tools/bin/../lib/gcc/arm-none-eabi/11.3.1/../../../../arm-none-eabi/lib/thumb/v7-m/nofp\libc_nano.a(libc_a-nano-vfprintf_float.o)
 .rodata._printf_i.str1.1
                0x000000000800d628       0x22 C:/ST/STM32CubeIDE_1.14.0/STM32CubeIDE/plugins/com.st.stm32cube.ide.mcu.externaltools.gnu-tools-for-stm32.11.3.rel1.win32_1.1.100.202309141235/tools/bin/../lib/gcc/arm-none-eabi/11.3.1/../../../../arm-none-eabi/lib/thumb/v7-m/nofp\libc_nano.a(libc_a-nano-vfprintf_i.o)
 .rodata._dtoa_r.str1.1
                0x000000000800d64a       0x8d C:/ST/STM32CubeIDE_1.14.0/STM32CubeIDE/plugins/com.st.stm32cube.ide.mcu.externaltools.gnu-tools-for-stm32.11.3.rel1.win32_1.1.100.202309141235/tools/bin/../lib/gcc/arm-none-eabi/11.3.1/../../../../arm-none-eabi/lib/thumb/v7-m/nofp\libc_nano.a(libc_a-dtoa.o)
                                         0x8f (size before relaxing)
 .rodata._Balloc.str1.1
                0x000000000800d6d7       0x59 C:/ST/STM32CubeIDE_1.14.0/STM32CubeIDE/plugins/com.st.stm32cube.ide.mcu.externaltools.gnu-tools-for-stm32.11.3.rel1.win32_1.1.100.202309141235/tools/bin/../lib/gcc/arm-none-eabi/11.3.1/../../../../arm-none-eabi/lib/thumb/v7-m/nofp\libc_nano.a(libc_a-mprec.o)
                                         0x70 (size before relaxing)
 .rodata.__multadd.str1.1
                0x000000000800d730       0x11 C:/ST/STM32CubeIDE_1.14.0/STM32CubeIDE/plugins/com.st.stm32cube.ide.mcu.externaltools.gnu-tools-for-stm32.11.3.rel1.win32_1.1.100.202309141235/tools/bin/../lib/gcc/arm-none-eabi/11.3.1/../../../../arm-none-eabi/lib/thumb/v7-m/nofp\libc_nano.a(libc_a-mprec.o)
 .rodata.__mprec_bigtens
                0x000000000800d730       0x28 C:/ST/STM32CubeIDE_1.14.0/STM32CubeIDE/plugins/com.st.stm32cube.ide.mcu.externaltools.gnu-tools-for-stm32.11.3.rel1.win32_1.1.100.202309141235/tools/bin/../lib/gcc/arm-none-eabi/11.3.1/../../../../arm-none-eabi/lib/thumb/v7-m/nofp\libc_nano.a(libc_a-mprec.o)
                0x000000000800d730                __mprec_bigtens
 .rodata.__mprec_tens
                0x000000000800d758       0xc8 C:/ST/STM32CubeIDE_1.14.0/STM32CubeIDE/plugins/com.st.stm32cube.ide.mcu.externaltools.gnu-tools-for-stm32.11.3.rel1.win32_1.1.100.202309141235/tools/bin/../lib/gcc/arm-none-eabi/11.3.1/../../../../arm-none-eabi/lib/thumb/v7-m/nofp\libc_nano.a(libc_a-mprec.o)
                0x000000000800d758                __mprec_tens
 .rodata.p05.0  0x000000000800d820        0xc C:/ST/STM32CubeIDE_1.14.0/STM32CubeIDE/plugins/com.st.stm32cube.ide.mcu.externaltools.gnu-tools-for-stm32.11.3.rel1.win32_1.1.100.202309141235/tools/bin/../lib/gcc/arm-none-eabi/11.3.1/../../../../arm-none-eabi/lib/thumb/v7-m/nofp\libc_nano.a(libc_a-mprec.o)
 .rodata._svfprintf_r.str1.1
                0x000000000800d82c       0x11 C:/ST/STM32CubeIDE_1.14.0/STM32CubeIDE/plugins/com.st.stm32cube.ide.mcu.externaltools.gnu-tools-for-stm32.11.3.rel1.win32_1.1.100.202309141235/tools/bin/../lib/gcc/arm-none-eabi/11.3.1/../../../../arm-none-eabi/lib/thumb/v7-m/nofp\libc_nano.a(libc_a-nano-svfprintf.o)
 .rodata._vfprintf_r.str1.1
                0x000000000800d83d       0x11 C:/ST/STM32CubeIDE_1.14.0/STM32CubeIDE/plugins/com.st.stm32cube.ide.mcu.externaltools.gnu-tools-for-stm32.11.3.rel1.win32_1.1.100.202309141235/tools/bin/../lib/gcc/arm-none-eabi/11.3.1/../../../../arm-none-eabi/lib/thumb/v7-m/nofp\libc_nano.a(libc_a-nano-vfprintf.o)
 .rodata._setlocale_r.str1.1
                0x000000000800d83d        0x8 C:/ST/STM32CubeIDE_1.14.0/STM32CubeIDE/plugins/com.st.stm32cube.ide.mcu.externaltools.gnu-tools-for-stm32.11.3.rel1.win32_1.1.100.202309141235/tools/bin/../lib/gcc/arm-none-eabi/11.3.1/../../../../arm-none-eabi/lib/thumb/v7-m/nofp\libc_nano.a(libc_a-locale.o)
                                          0x9 (size before relaxing)
 .rodata.str1.1
                0x000000000800d845        0x2 C:/ST/STM32CubeIDE_1.14.0/STM32CubeIDE/plugins/com.st.stm32cube.ide.mcu.externaltools.gnu-tools-for-stm32.11.3.rel1.win32_1.1.100.202309141235/tools/bin/../lib/gcc/arm-none-eabi/11.3.1/../../../../arm-none-eabi/lib/thumb/v7-m/nofp\libc_nano.a(libc_a-locale.o)
 .rodata.__assert_func.str1.1
                0x000000000800d847       0x3c C:/ST/STM32CubeIDE_1.14.0/STM32CubeIDE/plugins/com.st.stm32cube.ide.mcu.externaltools.gnu-tools-for-stm32.11.3.rel1.win32_1.1.100.202309141235/tools/bin/../lib/gcc/arm-none-eabi/11.3.1/../../../../arm-none-eabi/lib/thumb/v7-m/nofp\libc_nano.a(libc_a-assert.o)
                                         0x3d (size before relaxing)
 .rodata._ctype_
                0x000000000800d883      0x101 C:/ST/STM32CubeIDE_1.14.0/STM32CubeIDE/plugins/com.st.stm32cube.ide.mcu.externaltools.gnu-tools-for-stm32.11.3.rel1.win32_1.1.100.202309141235/tools/bin/../lib/gcc/arm-none-eabi/11.3.1/../../../../arm-none-eabi/lib/thumb/v7-m/nofp\libc_nano.a(libc_a-ctype_.o)
                0x000000000800d883                _ctype_
 .rodata.asin.str1.1
                0x000000000800d984        0x1 C:/ST/STM32CubeIDE_1.14.0/STM32CubeIDE/plugins/com.st.stm32cube.ide.mcu.externaltools.gnu-tools-for-stm32.11.3.rel1.win32_1.1.100.202309141235/tools/bin/../lib/gcc/arm-none-eabi/11.3.1/../../../../arm-none-eabi/lib/thumb/v7-m/nofp\libm.a(libm_a-w_asin.o)
 *fill*         0x000000000800d984        0x4 
 .rodata.CSWTCH.8
                0x000000000800d988       0x18 C:/ST/STM32CubeIDE_1.14.0/STM32CubeIDE/plugins/com.st.stm32cube.ide.mcu.externaltools.gnu-tools-for-stm32.11.3.rel1.win32_1.1.100.202309141235/tools/bin/../lib/gcc/arm-none-eabi/11.3.1/../../../../arm-none-eabi/lib/thumb/v7-m/nofp\libm.a(libm_a-e_atan2.o)
 .rodata.CSWTCH.9
                0x000000000800d9a0       0x18 C:/ST/STM32CubeIDE_1.14.0/STM32CubeIDE/plugins/com.st.stm32cube.ide.mcu.externaltools.gnu-tools-for-stm32.11.3.rel1.win32_1.1.100.202309141235/tools/bin/../lib/gcc/arm-none-eabi/11.3.1/../../../../arm-none-eabi/lib/thumb/v7-m/nofp\libm.a(libm_a-e_atan2.o)
 .rodata.atanhi
                0x000000000800d9b8       0x20 C:/ST/STM32CubeIDE_1.14.0/STM32CubeIDE/plugins/com.st.stm32cube.ide.mcu.externaltools.gnu-tools-for-stm32.11.3.rel1.win32_1.1.100.202309141235/tools/bin/../lib/gcc/arm-none-eabi/11.3.1/../../../../arm-none-eabi/lib/thumb/v7-m/nofp\libm.a(libm_a-s_atan.o)
 .rodata.atanlo
                0x000000000800d9d8       0x20 C:/ST/STM32CubeIDE_1.14.0/STM32CubeIDE/plugins/com.st.stm32cube.ide.mcu.externaltools.gnu-tools-for-stm32.11.3.rel1.win32_1.1.100.202309141235/tools/bin/../lib/gcc/arm-none-eabi/11.3.1/../../../../arm-none-eabi/lib/thumb/v7-m/nofp\libm.a(libm_a-s_atan.o)
                0x000000000800d9f8                . = ALIGN (0x4)

.ARM.extab      0x000000000800d9f8        0x0
                0x000000000800d9f8                . = ALIGN (0x4)
 *(.ARM.extab* .gnu.linkonce.armextab.*)