../HARDWAVE/MPU6050/eMPL/inv_mpu_dmp_motion_driver.c:506:5:dmp_load_motion_driver_firmware	8	static
../HARDWAVE/MPU6050/eMPL/inv_mpu_dmp_motion_driver.c:519:5:dmp_set_orientation	40	static
../HARDWAVE/MPU6050/eMPL/inv_mpu_dmp_motion_driver.c:574:5:dmp_set_gyro_bias	80	static
../HARDWAVE/MPU6050/eMPL/inv_mpu_dmp_motion_driver.c:626:5:dmp_set_accel_bias	112	static
../HARDWAVE/MPU6050/eMPL/inv_mpu_dmp_motion_driver.c:678:5:dmp_set_fifo_rate	40	static
../HARDWAVE/MPU6050/eMPL/inv_mpu_dmp_motion_driver.c:704:5:dmp_get_fifo_rate	16	static
../HARDWAVE/MPU6050/eMPL/inv_mpu_dmp_motion_driver.c:716:5:dmp_set_tap_thresh	32	static
../HARDWAVE/MPU6050/eMPL/inv_mpu_dmp_motion_driver.c:782:5:dmp_set_tap_axes	24	static
../HARDWAVE/MPU6050/eMPL/inv_mpu_dmp_motion_driver.c:800:5:dmp_set_tap_count	24	static
../HARDWAVE/MPU6050/eMPL/inv_mpu_dmp_motion_driver.c:818:5:dmp_set_tap_time	24	static
../HARDWAVE/MPU6050/eMPL/inv_mpu_dmp_motion_driver.c:834:5:dmp_set_tap_time_multi	24	static
../HARDWAVE/MPU6050/eMPL/inv_mpu_dmp_motion_driver.c:852:5:dmp_set_shake_reject_thresh	24	static
../HARDWAVE/MPU6050/eMPL/inv_mpu_dmp_motion_driver.c:871:5:dmp_set_shake_reject_time	24	static
../HARDWAVE/MPU6050/eMPL/inv_mpu_dmp_motion_driver.c:889:5:dmp_set_shake_reject_timeout	24	static
../HARDWAVE/MPU6050/eMPL/inv_mpu_dmp_motion_driver.c:904:5:dmp_get_pedometer_step_count	24	static
../HARDWAVE/MPU6050/eMPL/inv_mpu_dmp_motion_driver.c:925:5:dmp_set_pedometer_step_count	24	static
../HARDWAVE/MPU6050/eMPL/inv_mpu_dmp_motion_driver.c:941:5:dmp_get_pedometer_walk_time	24	static
../HARDWAVE/MPU6050/eMPL/inv_mpu_dmp_motion_driver.c:961:5:dmp_set_pedometer_walk_time	24	static
../HARDWAVE/MPU6050/eMPL/inv_mpu_dmp_motion_driver.c:991:5:dmp_enable_feature	32	static
../HARDWAVE/MPU6050/eMPL/inv_mpu_dmp_motion_driver.c:1113:5:dmp_get_enabled_features	16	static
../HARDWAVE/MPU6050/eMPL/inv_mpu_dmp_motion_driver.c:1128:5:dmp_enable_gyro_cal	40	static
../HARDWAVE/MPU6050/eMPL/inv_mpu_dmp_motion_driver.c:1146:5:dmp_enable_lp_quat	24	static
../HARDWAVE/MPU6050/eMPL/inv_mpu_dmp_motion_driver.c:1170:5:dmp_enable_6x_lp_quat	24	static
../HARDWAVE/MPU6050/eMPL/inv_mpu_dmp_motion_driver.c:1191:12:decode_gesture	24	static
../HARDWAVE/MPU6050/eMPL/inv_mpu_dmp_motion_driver.c:1223:5:dmp_set_interrupt_mode	40	static
../HARDWAVE/MPU6050/eMPL/inv_mpu_dmp_motion_driver.c:1262:5:dmp_read_fifo	80	static
../HARDWAVE/MPU6050/eMPL/inv_mpu_dmp_motion_driver.c:1355:5:dmp_register_tap_cb	16	static
../HARDWAVE/MPU6050/eMPL/inv_mpu_dmp_motion_driver.c:1366:5:dmp_register_android_orient_cb	16	static
