../HARDWAVE/MPU6050/eMPL/inv_mpu.c:695:12:set_int_enable	24	static
../HARDWAVE/MPU6050/eMPL/inv_mpu.c:727:5:mpu_reg_dump	16	static
../HARDWAVE/MPU6050/eMPL/inv_mpu.c:749:5:mpu_read_reg	16	static
../HARDWAVE/MPU6050/eMPL/inv_mpu.c:771:5:mpu_init	16	static
../HARDWAVE/MPU6050/eMPL/inv_mpu.c:902:5:mpu_lp_accel_mode	24	static
../HARDWAVE/MPU6050/eMPL/inv_mpu.c:986:5:mpu_get_gyro_reg	24	static
../HARDWAVE/MPU6050/eMPL/inv_mpu.c:1009:5:mpu_get_accel_reg	24	static
../HARDWAVE/MPU6050/eMPL/inv_mpu.c:1032:5:mpu_get_temperature	32	static
../HARDWAVE/MPU6050/eMPL/inv_mpu.c:1057:5:mpu_set_accel_bias	48	static
../HARDWAVE/MPU6050/eMPL/inv_mpu.c:1106:5:mpu_reset_fifo	16	static
../HARDWAVE/MPU6050/eMPL/inv_mpu.c:1168:5:mpu_get_gyro_fsr	16	static
../HARDWAVE/MPU6050/eMPL/inv_mpu.c:1195:5:mpu_set_gyro_fsr	24	static
../HARDWAVE/MPU6050/eMPL/inv_mpu.c:1232:5:mpu_get_accel_fsr	16	static
../HARDWAVE/MPU6050/eMPL/inv_mpu.c:1260:5:mpu_set_accel_fsr	24	static
../HARDWAVE/MPU6050/eMPL/inv_mpu.c:1297:5:mpu_get_lpf	16	static
../HARDWAVE/MPU6050/eMPL/inv_mpu.c:1333:5:mpu_set_lpf	24	static
../HARDWAVE/MPU6050/eMPL/inv_mpu.c:1366:5:mpu_get_sample_rate	16	static
../HARDWAVE/MPU6050/eMPL/inv_mpu.c:1381:5:mpu_set_sample_rate	24	static
../HARDWAVE/MPU6050/eMPL/inv_mpu.c:1428:5:mpu_get_compass_sample_rate	16	static
../HARDWAVE/MPU6050/eMPL/inv_mpu.c:1450:5:mpu_set_compass_sample_rate	16	static
../HARDWAVE/MPU6050/eMPL/inv_mpu.c:1472:5:mpu_get_gyro_sens	16	static
../HARDWAVE/MPU6050/eMPL/inv_mpu.c:1498:5:mpu_get_accel_sens	16	static
../HARDWAVE/MPU6050/eMPL/inv_mpu.c:1530:5:mpu_get_fifo_config	16	static
../HARDWAVE/MPU6050/eMPL/inv_mpu.c:1545:5:mpu_configure_fifo	24	static
../HARDWAVE/MPU6050/eMPL/inv_mpu.c:1587:5:mpu_get_power_state	16	static
../HARDWAVE/MPU6050/eMPL/inv_mpu.c:1606:5:mpu_set_sensors	24	static
../HARDWAVE/MPU6050/eMPL/inv_mpu.c:1683:5:mpu_get_int_status	24	static
../HARDWAVE/MPU6050/eMPL/inv_mpu.c:1712:5:mpu_read_fifo	48	static
../HARDWAVE/MPU6050/eMPL/inv_mpu.c:1793:5:mpu_read_fifo_stream	32	static
../HARDWAVE/MPU6050/eMPL/inv_mpu.c:1831:5:mpu_set_bypass	24	static
../HARDWAVE/MPU6050/eMPL/inv_mpu.c:1881:5:mpu_set_int_level	16	static
../HARDWAVE/MPU6050/eMPL/inv_mpu.c:1893:5:mpu_set_int_latched	24	static
../HARDWAVE/MPU6050/eMPL/inv_mpu.c:1914:12:get_accel_prod_shift	40	static
../HARDWAVE/MPU6050/eMPL/inv_mpu.c:1939:12:accel_self_test	48	static
../HARDWAVE/MPU6050/eMPL/inv_mpu.c:1959:12:gyro_self_test	40	static
../HARDWAVE/MPU6050/eMPL/inv_mpu.c:2043:12:get_st_biases	256	static
../HARDWAVE/MPU6050/eMPL/inv_mpu.c:2183:5:mpu_run_self_test	64	static
../HARDWAVE/MPU6050/eMPL/inv_mpu.c:2285:5:mpu_write_mem	24	static
../HARDWAVE/MPU6050/eMPL/inv_mpu.c:2318:5:mpu_read_mem	24	static
../HARDWAVE/MPU6050/eMPL/inv_mpu.c:2350:5:mpu_load_firmware	48	static
../HARDWAVE/MPU6050/eMPL/inv_mpu.c:2391:5:mpu_set_dmp_state	24	static
../HARDWAVE/MPU6050/eMPL/inv_mpu.c:2430:5:mpu_get_dmp_state	16	static
../HARDWAVE/MPU6050/eMPL/inv_mpu.c:2438:5:setup_compass	4	static
../HARDWAVE/MPU6050/eMPL/inv_mpu.c:2549:5:mpu_get_compass_reg	16	static
../HARDWAVE/MPU6050/eMPL/inv_mpu.c:2602:5:mpu_get_compass_fsr	16	static
../HARDWAVE/MPU6050/eMPL/inv_mpu.c:2656:5:mpu_lp_motion_interrupt	32	static
../HARDWAVE/MPU6050/eMPL/inv_mpu.c:2888:15:run_self_test	48	static
../HARDWAVE/MPU6050/eMPL/inv_mpu.c:2915:16:inv_orientation_matrix_to_scalar	24	static
../HARDWAVE/MPU6050/eMPL/inv_mpu.c:2936:16:inv_row_2_scale	24	static
../HARDWAVE/MPU6050/eMPL/inv_mpu.c:2957:6:mget_ms	16	static
../HARDWAVE/MPU6050/eMPL/inv_mpu.c:2964:15:mpu_dmp_init	16	static
../HARDWAVE/MPU6050/eMPL/inv_mpu.c:2999:15:mpu_dmp_get_data	104	static
